/home/hina/edk2-msm/workspace/Build/tiffany/RELEASE_CLANG38/AARCH64/MdeModulePkg/Universal/Console/GraphicsConsoleDxe/GraphicsConsoleDxe/OUTPUT/GraphicsConsoleDxe.lib
/home/hina/edk2-msm/workspace/Build/tiffany/RELEASE_CLANG38/AARCH64/MdePkg/Library/BaseLib/BaseLib/OUTPUT/BaseLib.lib
/home/hina/edk2-msm/workspace/Build/tiffany/RELEASE_CLANG38/AARCH64/MdePkg/Library/DxePcdLib/DxePcdLib/OUTPUT/DxePcdLib.lib
/home/hina/edk2-msm/workspace/Build/tiffany/RELEASE_CLANG38/AARCH64/MdePkg/Library/BaseMemoryLib/BaseMemoryLib/OUTPUT/BaseMemoryLib.lib
/home/hina/edk2-msm/workspace/Build/tiffany/RELEASE_CLANG38/AARCH64/ArmPkg/Library/ArmLib/ArmBaseLib/OUTPUT/ArmBaseLib.lib
/home/hina/edk2-msm/workspace/Build/tiffany/RELEASE_CLANG38/AARCH64/MdePkg/Library/RegisterFilterLibNull/RegisterFilterLibNull/OUTPUT/FilterLibNull.lib
/home/hina/edk2-msm/workspace/Build/tiffany/RELEASE_CLANG38/AARCH64/ArmPkg/Library/ArmCacheMaintenanceLib/ArmCacheMaintenanceLib/OUTPUT/ArmCacheMaintenanceLib.lib
/home/hina/edk2-msm/workspace/Build/tiffany/RELEASE_CLANG38/AARCH64/MdePkg/Library/BaseIoLibIntrinsic/BaseIoLibIntrinsic/OUTPUT/BaseIoLibIntrinsic.lib
/home/hina/edk2-msm/workspace/Build/tiffany/RELEASE_CLANG38/AARCH64/ArmPkg/Library/CompilerIntrinsicsLib/CompilerIntrinsicsLib/OUTPUT/CompilerIntrinsicsLib.lib
/home/hina/edk2-msm/workspace/Build/tiffany/RELEASE_CLANG38/AARCH64/MdePkg/Library/BaseDebugPrintErrorLevelLib/BaseDebugPrintErrorLevelLib/OUTPUT/BaseDebugPrintErrorLevelLib.lib
/home/hina/edk2-msm/workspace/Build/tiffany/RELEASE_CLANG38/AARCH64/Silicon/Qualcomm/QcomPkg/Library/FrameBufferSerialPortLib/FrameBufferSerialPortLib/OUTPUT/FrameBufferSerialPortLib.lib
/home/hina/edk2-msm/workspace/Build/tiffany/RELEASE_CLANG38/AARCH64/MdePkg/Library/BasePrintLib/BasePrintLib/OUTPUT/BasePrintLib.lib
/home/hina/edk2-msm/workspace/Build/tiffany/RELEASE_CLANG38/AARCH64/ArmPkg/Library/ArmGenericTimerPhyCounterLib/ArmGenericTimerPhyCounterLib/OUTPUT/ArmGenericTimerPhyCounterLib.lib
/home/hina/edk2-msm/workspace/Build/tiffany/RELEASE_CLANG38/AARCH64/MdePkg/Library/BaseDebugLibSerialPort/BaseDebugLibSerialPort/OUTPUT/BaseDebugLibSerialPort.lib
/home/hina/edk2-msm/workspace/Build/tiffany/RELEASE_CLANG38/AARCH64/ArmPkg/Library/ArmArchTimerLib/ArmArchTimerLib/OUTPUT/ArmArchTimerLib.lib
/home/hina/edk2-msm/workspace/Build/tiffany/RELEASE_CLANG38/AARCH64/MdePkg/Library/UefiMemoryAllocationLib/UefiMemoryAllocationLib/OUTPUT/UefiMemoryAllocationLib.lib
/home/hina/edk2-msm/workspace/Build/tiffany/RELEASE_CLANG38/AARCH64/MdePkg/Library/UefiRuntimeServicesTableLib/UefiRuntimeServicesTableLib/OUTPUT/UefiRuntimeServicesTableLib.lib
/home/hina/edk2-msm/workspace/Build/tiffany/RELEASE_CLANG38/AARCH64/MdePkg/Library/UefiDevicePathLib/UefiDevicePathLib/OUTPUT/UefiDevicePathLib.lib
/home/hina/edk2-msm/workspace/Build/tiffany/RELEASE_CLANG38/AARCH64/MdePkg/Library/UefiBootServicesTableLib/UefiBootServicesTableLib/OUTPUT/UefiBootServicesTableLib.lib
/home/hina/edk2-msm/workspace/Build/tiffany/RELEASE_CLANG38/AARCH64/MdePkg/Library/UefiLib/UefiLib/OUTPUT/UefiLib.lib
/home/hina/edk2-msm/workspace/Build/tiffany/RELEASE_CLANG38/AARCH64/MdePkg/Library/DxeHobLib/DxeHobLib/OUTPUT/DxeHobLib.lib
/home/hina/edk2-msm/workspace/Build/tiffany/RELEASE_CLANG38/AARCH64/MdeModulePkg/Library/UefiHiiServicesLib/UefiHiiServicesLib/OUTPUT/UefiHiiServicesLib.lib
/home/hina/edk2-msm/workspace/Build/tiffany/RELEASE_CLANG38/AARCH64/MdePkg/Library/UefiDriverEntryPoint/UefiDriverEntryPoint/OUTPUT/UefiDriverEntryPoint.lib
/home/hina/edk2-msm/workspace/Build/tiffany/RELEASE_CLANG38/AARCH64/MdeModulePkg/Library/UefiHiiLib/UefiHiiLib/OUTPUT/UefiHiiLib.lib
/home/hina/edk2-msm/workspace/Build/tiffany/RELEASE_CLANG38/AARCH64/MdePkg/Library/BaseStackCheckLib/BaseStackCheckLib/OUTPUT/BaseStackCheckLib.lib