/home/hina/edk2-msm/workspace/Build/tiffany/RELEASE_CLANG38/AARCH64/src/main/SimpleInitMain/OUTPUT/SimpleInitMain.lib
/home/hina/edk2-msm/workspace/Build/tiffany/RELEASE_CLANG38/AARCH64/EmbeddedPkg/Library/FdtLib/FdtLib/OUTPUT/FdtLib.lib
/home/hina/edk2-msm/workspace/Build/tiffany/RELEASE_CLANG38/AARCH64/libs/json-c/JSONC/OUTPUT/JSONC.lib
/home/hina/edk2-msm/workspace/Build/tiffany/RELEASE_CLANG38/AARCH64/MdePkg/Library/BasePrintLib/BasePrintLib/OUTPUT/BasePrintLib.lib
/home/hina/edk2-msm/workspace/Build/tiffany/RELEASE_CLANG38/AARCH64/src/SimpleInitRootFS/OUTPUT/SimpleInitRootFS.lib
/home/hina/edk2-msm/workspace/Build/tiffany/RELEASE_CLANG38/AARCH64/libs/zlib/Zlib/OUTPUT/Zlib.lib
/home/hina/edk2-msm/workspace/Build/tiffany/RELEASE_CLANG38/AARCH64/libs/libzip/ZipLib/OUTPUT/ZipLib.lib
/home/hina/edk2-msm/workspace/Build/tiffany/RELEASE_CLANG38/AARCH64/libs/compatible/SimpleInitCompatible/OUTPUT/SimpleInitCompatible.lib
/home/hina/edk2-msm/workspace/Build/tiffany/RELEASE_CLANG38/AARCH64/src/filesystem/SimpleInitFileSystem/OUTPUT/SimpleInitFileSystem.lib
/home/hina/edk2-msm/workspace/Build/tiffany/RELEASE_CLANG38/AARCH64/src/assets/SimpleInitAssets/OUTPUT/SimpleInitAssets.lib
/home/hina/edk2-msm/workspace/Build/tiffany/RELEASE_CLANG38/AARCH64/src/locate/SimpleInitLocate/OUTPUT/SimpleInitLocate.lib
/home/hina/edk2-msm/workspace/Build/tiffany/RELEASE_CLANG38/AARCH64/src/loggerd/SimpleInitLoggerd/OUTPUT/SimpleInitLoggerd.lib
/home/hina/edk2-msm/workspace/Build/tiffany/RELEASE_CLANG38/AARCH64/src/confd/SimpleInitConfd/OUTPUT/SimpleInitConfd.lib
/home/hina/edk2-msm/workspace/Build/tiffany/RELEASE_CLANG38/AARCH64/src/lib/SimpleInitLib/OUTPUT/SimpleInitLib.lib
/home/hina/edk2-msm/workspace/Build/tiffany/RELEASE_CLANG38/AARCH64/libs/mxml/MiniXML/OUTPUT/MiniXML.lib
/home/hina/edk2-msm/workspace/Build/tiffany/RELEASE_CLANG38/AARCH64/MdePkg/Library/UefiMemoryAllocationLib/UefiMemoryAllocationLib/OUTPUT/UefiMemoryAllocationLib.lib
/home/hina/edk2-msm/workspace/Build/tiffany/RELEASE_CLANG38/AARCH64/MdePkg/Library/UefiDevicePathLib/UefiDevicePathLib/OUTPUT/UefiDevicePathLib.lib
/home/hina/edk2-msm/workspace/Build/tiffany/RELEASE_CLANG38/AARCH64/MdePkg/Library/BaseMemoryLib/BaseMemoryLib/OUTPUT/BaseMemoryLib.lib
/home/hina/edk2-msm/workspace/Build/tiffany/RELEASE_CLANG38/AARCH64/MdePkg/Library/DxePcdLib/DxePcdLib/OUTPUT/DxePcdLib.lib
/home/hina/edk2-msm/workspace/Build/tiffany/RELEASE_CLANG38/AARCH64/MdePkg/Library/BaseLib/BaseLib/OUTPUT/BaseLib.lib
/home/hina/edk2-msm/workspace/Build/tiffany/RELEASE_CLANG38/AARCH64/MdePkg/Library/BaseStackCheckLib/BaseStackCheckLib/OUTPUT/BaseStackCheckLib.lib
/home/hina/edk2-msm/workspace/Build/tiffany/RELEASE_CLANG38/AARCH64/ArmPkg/Library/CompilerIntrinsicsLib/CompilerIntrinsicsLib/OUTPUT/CompilerIntrinsicsLib.lib
/home/hina/edk2-msm/workspace/Build/tiffany/RELEASE_CLANG38/AARCH64/MdePkg/Library/RegisterFilterLibNull/RegisterFilterLibNull/OUTPUT/FilterLibNull.lib
/home/hina/edk2-msm/workspace/Build/tiffany/RELEASE_CLANG38/AARCH64/ArmPkg/Library/ArmLib/ArmBaseLib/OUTPUT/ArmBaseLib.lib
/home/hina/edk2-msm/workspace/Build/tiffany/RELEASE_CLANG38/AARCH64/MdePkg/Library/BaseIoLibIntrinsic/BaseIoLibIntrinsic/OUTPUT/BaseIoLibIntrinsic.lib
/home/hina/edk2-msm/workspace/Build/tiffany/RELEASE_CLANG38/AARCH64/ArmPkg/Library/ArmCacheMaintenanceLib/ArmCacheMaintenanceLib/OUTPUT/ArmCacheMaintenanceLib.lib
/home/hina/edk2-msm/workspace/Build/tiffany/RELEASE_CLANG38/AARCH64/MdePkg/Library/BaseDebugPrintErrorLevelLib/BaseDebugPrintErrorLevelLib/OUTPUT/BaseDebugPrintErrorLevelLib.lib
/home/hina/edk2-msm/workspace/Build/tiffany/RELEASE_CLANG38/AARCH64/Silicon/Qualcomm/QcomPkg/Library/FrameBufferSerialPortLib/FrameBufferSerialPortLib/OUTPUT/FrameBufferSerialPortLib.lib
/home/hina/edk2-msm/workspace/Build/tiffany/RELEASE_CLANG38/AARCH64/MdePkg/Library/BaseDebugLibSerialPort/BaseDebugLibSerialPort/OUTPUT/BaseDebugLibSerialPort.lib
/home/hina/edk2-msm/workspace/Build/tiffany/RELEASE_CLANG38/AARCH64/MdePkg/Library/UefiRuntimeServicesTableLib/UefiRuntimeServicesTableLib/OUTPUT/UefiRuntimeServicesTableLib.lib
/home/hina/edk2-msm/workspace/Build/tiffany/RELEASE_CLANG38/AARCH64/MdePkg/Library/UefiBootServicesTableLib/UefiBootServicesTableLib/OUTPUT/UefiBootServicesTableLib.lib
/home/hina/edk2-msm/workspace/Build/tiffany/RELEASE_CLANG38/AARCH64/MdePkg/Library/UefiLib/UefiLib/OUTPUT/UefiLib.lib
/home/hina/edk2-msm/workspace/Build/tiffany/RELEASE_CLANG38/AARCH64/MdePkg/Library/DxeHobLib/DxeHobLib/OUTPUT/DxeHobLib.lib
/home/hina/edk2-msm/workspace/Build/tiffany/RELEASE_CLANG38/AARCH64/ArmPkg/Drivers/ArmGic/ArmGicLib/OUTPUT/ArmGicLib.lib
/home/hina/edk2-msm/workspace/Build/tiffany/RELEASE_CLANG38/AARCH64/ArmPkg/Library/ArmGicArchLib/ArmGicArchLib/OUTPUT/ArmGicArchLib.lib
/home/hina/edk2-msm/workspace/Build/tiffany/RELEASE_CLANG38/AARCH64/ArmPkg/Library/ArmGenericTimerPhyCounterLib/ArmGenericTimerPhyCounterLib/OUTPUT/ArmGenericTimerPhyCounterLib.lib
/home/hina/edk2-msm/workspace/Build/tiffany/RELEASE_CLANG38/AARCH64/ArmPkg/Library/ArmArchTimerLib/ArmArchTimerLib/OUTPUT/ArmArchTimerLib.lib
/home/hina/edk2-msm/workspace/Build/tiffany/RELEASE_CLANG38/AARCH64/MdeModulePkg/Library/UefiHiiServicesLib/UefiHiiServicesLib/OUTPUT/UefiHiiServicesLib.lib
/home/hina/edk2-msm/workspace/Build/tiffany/RELEASE_CLANG38/AARCH64/MdeModulePkg/Library/VariablePolicyHelperLib/VariablePolicyHelperLib/OUTPUT/VariablePolicyHelperLib.lib
/home/hina/edk2-msm/workspace/Build/tiffany/RELEASE_CLANG38/AARCH64/MdeModulePkg/Library/UefiSortLib/UefiSortLib/OUTPUT/UefiSortLib.lib
/home/hina/edk2-msm/workspace/Build/tiffany/RELEASE_CLANG38/AARCH64/MdeModulePkg/Library/UefiHiiLib/UefiHiiLib/OUTPUT/UefiHiiLib.lib
/home/hina/edk2-msm/workspace/Build/tiffany/RELEASE_CLANG38/AARCH64/MdePkg/Library/DxeServicesLib/DxeServicesLib/OUTPUT/DxeServicesLib.lib
/home/hina/edk2-msm/workspace/Build/tiffany/RELEASE_CLANG38/AARCH64/MdePkg/Library/DxeServicesTableLib/DxeServicesTableLib/OUTPUT/DxeServicesTableLib.lib
/home/hina/edk2-msm/workspace/Build/tiffany/RELEASE_CLANG38/AARCH64/MdePkg/Library/BasePeCoffGetEntryPointLib/BasePeCoffGetEntryPointLib/OUTPUT/BasePeCoffGetEntryPointLib.lib
/home/hina/edk2-msm/workspace/Build/tiffany/RELEASE_CLANG38/AARCH64/MdeModulePkg/Library/DxePerformanceLib/DxePerformanceLib/OUTPUT/DxePerformanceLib.lib
/home/hina/edk2-msm/workspace/Build/tiffany/RELEASE_CLANG38/AARCH64/MdeModulePkg/Library/DxeReportStatusCodeLib/DxeReportStatusCodeLib/OUTPUT/DxeReportStatusCodeLib.lib
/home/hina/edk2-msm/workspace/Build/tiffany/RELEASE_CLANG38/AARCH64/libs/libufdt/UfdtLib/OUTPUT/UfdtLib.lib
/home/hina/edk2-msm/workspace/Build/tiffany/RELEASE_CLANG38/AARCH64/src/compress/SimpleInitCompress/OUTPUT/SimpleInitCompress.lib
/home/hina/edk2-msm/workspace/Build/tiffany/RELEASE_CLANG38/AARCH64/MdeModulePkg/Library/UefiBootManagerLib/UefiBootManagerLib/OUTPUT/UefiBootManagerLib.lib
/home/hina/edk2-msm/workspace/Build/tiffany/RELEASE_CLANG38/AARCH64/MdeModulePkg/Library/BootLogoLib/BootLogoLib/OUTPUT/BootLogoLib.lib
/home/hina/edk2-msm/workspace/Build/tiffany/RELEASE_CLANG38/AARCH64/libs/lua/LuaLib/OUTPUT/LuaLib.lib
/home/hina/edk2-msm/workspace/Build/tiffany/RELEASE_CLANG38/AARCH64/src/linux-boot/SimpleInitBootLinux/OUTPUT/SimpleInitBootLinux.lib
/home/hina/edk2-msm/workspace/Build/tiffany/RELEASE_CLANG38/AARCH64/src/lua/SimpleInitLua/OUTPUT/SimpleInitLua.lib
/home/hina/edk2-msm/workspace/Build/tiffany/RELEASE_CLANG38/AARCH64/src/boot/SimpleInitBoot/OUTPUT/SimpleInitBoot.lib
/home/hina/edk2-msm/workspace/Build/tiffany/RELEASE_CLANG38/AARCH64/libs/hivex/HivexLib/OUTPUT/HivexLib.lib
/home/hina/edk2-msm/workspace/Build/tiffany/RELEASE_CLANG38/AARCH64/libs/regex/RegexLib/OUTPUT/RegexLib.lib
/home/hina/edk2-msm/workspace/Build/tiffany/RELEASE_CLANG38/AARCH64/libs/libtsm/TSMLib/OUTPUT/TSMLib.lib
/home/hina/edk2-msm/workspace/Build/tiffany/RELEASE_CLANG38/AARCH64/libs/lodepng/LodePNG/OUTPUT/LodePNG.lib
/home/hina/edk2-msm/workspace/Build/tiffany/RELEASE_CLANG38/AARCH64/libs/nanosvg/NanoSVG/OUTPUT/NanoSVG.lib
/home/hina/edk2-msm/workspace/Build/tiffany/RELEASE_CLANG38/AARCH64/libs/FreeType/OUTPUT/FreeType.lib
/home/hina/edk2-msm/workspace/Build/tiffany/RELEASE_CLANG38/AARCH64/libs/LittleVgl/OUTPUT/LittleVgl.lib
/home/hina/edk2-msm/workspace/Build/tiffany/RELEASE_CLANG38/AARCH64/libs/stb/STBLib/OUTPUT/STBLib.lib
/home/hina/edk2-msm/workspace/Build/tiffany/RELEASE_CLANG38/AARCH64/src/gui/SimpleInitGUI/OUTPUT/SimpleInitGUI.lib
/home/hina/edk2-msm/workspace/Build/tiffany/RELEASE_CLANG38/AARCH64/MdePkg/Library/UefiApplicationEntryPoint/UefiApplicationEntryPoint/OUTPUT/UefiApplicationEntryPoint.lib