/home/hina/edk2-msm/workspace/Build/tiffany/RELEASE_CLANG38/AARCH64/Silicon/Qualcomm/QcomPkg/PrePi/PrePi/OUTPUT/Sec.lib
/home/hina/edk2-msm/workspace/Build/tiffany/RELEASE_CLANG38/AARCH64/MdePkg/Library/RegisterFilterLibNull/RegisterFilterLibNull/OUTPUT/FilterLibNull.lib
/home/hina/edk2-msm/workspace/Build/tiffany/RELEASE_CLANG38/AARCH64/libs/compatible/SimpleInitCompatible/OUTPUT/SimpleInitCompatible.lib
/home/hina/edk2-msm/workspace/Build/tiffany/RELEASE_CLANG38/AARCH64/EmbeddedPkg/Library/FdtLib/FdtLib/OUTPUT/FdtLib.lib
/home/hina/edk2-msm/workspace/Build/tiffany/RELEASE_CLANG38/AARCH64/src/lib/SimpleInitLib/OUTPUT/SimpleInitLib.lib
/home/hina/edk2-msm/workspace/Build/tiffany/RELEASE_CLANG38/AARCH64/Silicon/Qualcomm/sdm660/Library/PlatformMemoryMapLib/PlatformMemoryMapLib/OUTPUT/PlatformMemoryMapLib.lib
/home/hina/edk2-msm/workspace/Build/tiffany/RELEASE_CLANG38/AARCH64/Silicon/Qualcomm/QcomPkg/Library/MemoryMapHelperLib/MemoryMapHelperLib/OUTPUT/MemoryMapHelperLib.lib
/home/hina/edk2-msm/workspace/Build/tiffany/RELEASE_CLANG38/AARCH64/MdeModulePkg/Library/DebugAgentLibNull/DebugAgentLibNull/OUTPUT/DebugAgentLibNull.lib
/home/hina/edk2-msm/workspace/Build/tiffany/RELEASE_CLANG38/AARCH64/MdePkg/Library/BasePeCoffGetEntryPointLib/BasePeCoffGetEntryPointLib/OUTPUT/BasePeCoffGetEntryPointLib.lib
/home/hina/edk2-msm/workspace/Build/tiffany/RELEASE_CLANG38/AARCH64/MdePkg/Library/BasePeCoffExtraActionLibNull/BasePeCoffExtraActionLibNull/OUTPUT/PeCoffExtraActionLibNull.lib
/home/hina/edk2-msm/workspace/Build/tiffany/RELEASE_CLANG38/AARCH64/MdePkg/Library/BasePcdLibNull/BasePcdLibNull/OUTPUT/BasePcdLibNull.lib
/home/hina/edk2-msm/workspace/Build/tiffany/RELEASE_CLANG38/AARCH64/MdePkg/Library/BasePerformanceLibNull/BasePerformanceLibNull/OUTPUT/BasePerformanceLibNull.lib
/home/hina/edk2-msm/workspace/Build/tiffany/RELEASE_CLANG38/AARCH64/Silicon/Qualcomm/QcomPkg/Library/FrameBufferSerialPortLib/FrameBufferSerialPortLib/OUTPUT/FrameBufferSerialPortLib.lib
/home/hina/edk2-msm/workspace/Build/tiffany/RELEASE_CLANG38/AARCH64/MdePkg/Library/BasePrintLib/BasePrintLib/OUTPUT/BasePrintLib.lib
/home/hina/edk2-msm/workspace/Build/tiffany/RELEASE_CLANG38/AARCH64/MdePkg/Library/BasePeCoffLib/BasePeCoffLib/OUTPUT/BasePeCoffLib.lib
/home/hina/edk2-msm/workspace/Build/tiffany/RELEASE_CLANG38/AARCH64/MdePkg/Library/BaseUefiDecompressLib/BaseUefiDecompressLib/OUTPUT/BaseUefiDecompressLib.lib
/home/hina/edk2-msm/workspace/Build/tiffany/RELEASE_CLANG38/AARCH64/MdePkg/Library/BaseMemoryLib/BaseMemoryLib/OUTPUT/BaseMemoryLib.lib
/home/hina/edk2-msm/workspace/Build/tiffany/RELEASE_CLANG38/AARCH64/MdePkg/Library/BaseStackCheckLib/BaseStackCheckLib/OUTPUT/BaseStackCheckLib.lib
/home/hina/edk2-msm/workspace/Build/tiffany/RELEASE_CLANG38/AARCH64/ArmPkg/Library/CompilerIntrinsicsLib/CompilerIntrinsicsLib/OUTPUT/CompilerIntrinsicsLib.lib
/home/hina/edk2-msm/workspace/Build/tiffany/RELEASE_CLANG38/AARCH64/EmbeddedPkg/Library/PrePiLib/PrePiLib/OUTPUT/PrePiLib.lib
/home/hina/edk2-msm/workspace/Build/tiffany/RELEASE_CLANG38/AARCH64/ArmPlatformPkg/Library/PrePiHobListPointerLib/PrePiHobListPointerLib/OUTPUT/PrePiHobListPointerLib.lib
/home/hina/edk2-msm/workspace/Build/tiffany/RELEASE_CLANG38/AARCH64/Silicon/Qualcomm/sdm660/Library/PlatformPrePiLib/PlatformPrePiLib/OUTPUT/PlatformPrePiLib.lib
/home/hina/edk2-msm/workspace/Build/tiffany/RELEASE_CLANG38/AARCH64/Silicon/Qualcomm/sdm660/Library/PlatformPeiLib/PlatformPeiLib/OUTPUT/PlatformPeiLib.lib
/home/hina/edk2-msm/workspace/Build/tiffany/RELEASE_CLANG38/AARCH64/Silicon/Qualcomm/QcomPkg/Library/MemoryInitPeiLib/PeiMemoryAllocationLib/OUTPUT/MemoryInitPeiLib.lib
/home/hina/edk2-msm/workspace/Build/tiffany/RELEASE_CLANG38/AARCH64/EmbeddedPkg/Library/PrePiMemoryAllocationLib/PrePiMemoryAllocationLib/OUTPUT/PrePiMemoryAllocationLib.lib
/home/hina/edk2-msm/workspace/Build/tiffany/RELEASE_CLANG38/AARCH64/MdePkg/Library/BaseIoLibIntrinsic/BaseIoLibIntrinsic/OUTPUT/BaseIoLibIntrinsic.lib
/home/hina/edk2-msm/workspace/Build/tiffany/RELEASE_CLANG38/AARCH64/EmbeddedPkg/Library/PrePiHobLib/PrePiHobLib/OUTPUT/PrePiHobLib.lib
/home/hina/edk2-msm/workspace/Build/tiffany/RELEASE_CLANG38/AARCH64/ArmPkg/Library/ArmCacheMaintenanceLib/ArmCacheMaintenanceLib/OUTPUT/ArmCacheMaintenanceLib.lib
/home/hina/edk2-msm/workspace/Build/tiffany/RELEASE_CLANG38/AARCH64/MdePkg/Library/BaseLib/BaseLib/OUTPUT/BaseLib.lib
/home/hina/edk2-msm/workspace/Build/tiffany/RELEASE_CLANG38/AARCH64/ArmPkg/Library/ArmLib/ArmBaseLib/OUTPUT/ArmBaseLib.lib
/home/hina/edk2-msm/workspace/Build/tiffany/RELEASE_CLANG38/AARCH64/ArmPkg/Library/ArmMmuLib/ArmMmuBaseLib/OUTPUT/ArmMmuBaseLib.lib
/home/hina/edk2-msm/workspace/Build/tiffany/RELEASE_CLANG38/AARCH64/MdePkg/Library/BaseDebugPrintErrorLevelLib/BaseDebugPrintErrorLevelLib/OUTPUT/BaseDebugPrintErrorLevelLib.lib
/home/hina/edk2-msm/workspace/Build/tiffany/RELEASE_CLANG38/AARCH64/ArmPkg/Library/ArmGenericTimerPhyCounterLib/ArmGenericTimerPhyCounterLib/OUTPUT/ArmGenericTimerPhyCounterLib.lib
/home/hina/edk2-msm/workspace/Build/tiffany/RELEASE_CLANG38/AARCH64/MdePkg/Library/BaseDebugLibSerialPort/BaseDebugLibSerialPort/OUTPUT/BaseDebugLibSerialPort.lib
/home/hina/edk2-msm/workspace/Build/tiffany/RELEASE_CLANG38/AARCH64/ArmPkg/Library/ArmArchTimerLib/ArmArchTimerLib/OUTPUT/ArmArchTimerLib.lib
/home/hina/edk2-msm/workspace/Build/tiffany/RELEASE_CLANG38/AARCH64/EmbeddedPkg/Library/PrePiExtractGuidedSectionLib/PrePiExtractGuidedSectionLib/OUTPUT/PrePiExtractGuidedSectionLib.lib
/home/hina/edk2-msm/workspace/Build/tiffany/RELEASE_CLANG38/AARCH64/MdeModulePkg/Library/LzmaCustomDecompressLib/LzmaCustomDecompressLib/OUTPUT/LzmaDecompressLib.lib
/home/hina/edk2-msm/workspace/Build/tiffany/RELEASE_CLANG38/AARCH64/libs/libufdt/UfdtLib/OUTPUT/UfdtLib.lib