/home/hina/edk2-msm/workspace/Build/tiffany/RELEASE_CLANG38/AARCH64/libs/LittleVgl/OUTPUT/lvgl/src/core/lv_disp.obj
/home/hina/edk2-msm/workspace/Build/tiffany/RELEASE_CLANG38/AARCH64/libs/LittleVgl/OUTPUT/lvgl/src/core/lv_event.obj
/home/hina/edk2-msm/workspace/Build/tiffany/RELEASE_CLANG38/AARCH64/libs/LittleVgl/OUTPUT/lvgl/src/core/lv_group.obj
/home/hina/edk2-msm/workspace/Build/tiffany/RELEASE_CLANG38/AARCH64/libs/LittleVgl/OUTPUT/lvgl/src/core/lv_indev.obj
/home/hina/edk2-msm/workspace/Build/tiffany/RELEASE_CLANG38/AARCH64/libs/LittleVgl/OUTPUT/lvgl/src/core/lv_indev_scroll.obj
/home/hina/edk2-msm/workspace/Build/tiffany/RELEASE_CLANG38/AARCH64/libs/LittleVgl/OUTPUT/lvgl/src/core/lv_obj.obj
/home/hina/edk2-msm/workspace/Build/tiffany/RELEASE_CLANG38/AARCH64/libs/LittleVgl/OUTPUT/lvgl/src/core/lv_obj_class.obj
/home/hina/edk2-msm/workspace/Build/tiffany/RELEASE_CLANG38/AARCH64/libs/LittleVgl/OUTPUT/lvgl/src/core/lv_obj_draw.obj
/home/hina/edk2-msm/workspace/Build/tiffany/RELEASE_CLANG38/AARCH64/libs/LittleVgl/OUTPUT/lvgl/src/core/lv_obj_pos.obj
/home/hina/edk2-msm/workspace/Build/tiffany/RELEASE_CLANG38/AARCH64/libs/LittleVgl/OUTPUT/lvgl/src/core/lv_obj_scroll.obj
/home/hina/edk2-msm/workspace/Build/tiffany/RELEASE_CLANG38/AARCH64/libs/LittleVgl/OUTPUT/lvgl/src/core/lv_obj_style.obj
/home/hina/edk2-msm/workspace/Build/tiffany/RELEASE_CLANG38/AARCH64/libs/LittleVgl/OUTPUT/lvgl/src/core/lv_obj_style_gen.obj
/home/hina/edk2-msm/workspace/Build/tiffany/RELEASE_CLANG38/AARCH64/libs/LittleVgl/OUTPUT/lvgl/src/core/lv_obj_tree.obj
/home/hina/edk2-msm/workspace/Build/tiffany/RELEASE_CLANG38/AARCH64/libs/LittleVgl/OUTPUT/lvgl/src/core/lv_refr.obj
/home/hina/edk2-msm/workspace/Build/tiffany/RELEASE_CLANG38/AARCH64/libs/LittleVgl/OUTPUT/lvgl/src/core/lv_theme.obj
/home/hina/edk2-msm/workspace/Build/tiffany/RELEASE_CLANG38/AARCH64/libs/LittleVgl/OUTPUT/lvgl/src/draw/arm2d/lv_gpu_arm2d.obj
/home/hina/edk2-msm/workspace/Build/tiffany/RELEASE_CLANG38/AARCH64/libs/LittleVgl/OUTPUT/lvgl/src/draw/lv_draw_arc.obj
/home/hina/edk2-msm/workspace/Build/tiffany/RELEASE_CLANG38/AARCH64/libs/LittleVgl/OUTPUT/lvgl/src/draw/lv_draw.obj
/home/hina/edk2-msm/workspace/Build/tiffany/RELEASE_CLANG38/AARCH64/libs/LittleVgl/OUTPUT/lvgl/src/draw/lv_draw_img.obj
/home/hina/edk2-msm/workspace/Build/tiffany/RELEASE_CLANG38/AARCH64/libs/LittleVgl/OUTPUT/lvgl/src/draw/lv_draw_label.obj
/home/hina/edk2-msm/workspace/Build/tiffany/RELEASE_CLANG38/AARCH64/libs/LittleVgl/OUTPUT/lvgl/src/draw/lv_draw_layer.obj
/home/hina/edk2-msm/workspace/Build/tiffany/RELEASE_CLANG38/AARCH64/libs/LittleVgl/OUTPUT/lvgl/src/draw/lv_draw_line.obj
/home/hina/edk2-msm/workspace/Build/tiffany/RELEASE_CLANG38/AARCH64/libs/LittleVgl/OUTPUT/lvgl/src/draw/lv_draw_mask.obj
/home/hina/edk2-msm/workspace/Build/tiffany/RELEASE_CLANG38/AARCH64/libs/LittleVgl/OUTPUT/lvgl/src/draw/lv_draw_rect.obj
/home/hina/edk2-msm/workspace/Build/tiffany/RELEASE_CLANG38/AARCH64/libs/LittleVgl/OUTPUT/lvgl/src/draw/lv_draw_transform.obj
/home/hina/edk2-msm/workspace/Build/tiffany/RELEASE_CLANG38/AARCH64/libs/LittleVgl/OUTPUT/lvgl/src/draw/lv_draw_triangle.obj
/home/hina/edk2-msm/workspace/Build/tiffany/RELEASE_CLANG38/AARCH64/libs/LittleVgl/OUTPUT/lvgl/src/draw/lv_img_buf.obj
/home/hina/edk2-msm/workspace/Build/tiffany/RELEASE_CLANG38/AARCH64/libs/LittleVgl/OUTPUT/lvgl/src/draw/lv_img_cache.obj
/home/hina/edk2-msm/workspace/Build/tiffany/RELEASE_CLANG38/AARCH64/libs/LittleVgl/OUTPUT/lvgl/src/draw/lv_img_decoder.obj
/home/hina/edk2-msm/workspace/Build/tiffany/RELEASE_CLANG38/AARCH64/libs/LittleVgl/OUTPUT/lvgl/src/draw/nxp/lv_gpu_nxp.obj
/home/hina/edk2-msm/workspace/Build/tiffany/RELEASE_CLANG38/AARCH64/libs/LittleVgl/OUTPUT/lvgl/src/draw/nxp/pxp/lv_draw_pxp_blend.obj
/home/hina/edk2-msm/workspace/Build/tiffany/RELEASE_CLANG38/AARCH64/libs/LittleVgl/OUTPUT/lvgl/src/draw/nxp/pxp/lv_gpu_nxp_pxp.obj
/home/hina/edk2-msm/workspace/Build/tiffany/RELEASE_CLANG38/AARCH64/libs/LittleVgl/OUTPUT/lvgl/src/draw/nxp/pxp/lv_gpu_nxp_pxp_osa.obj
/home/hina/edk2-msm/workspace/Build/tiffany/RELEASE_CLANG38/AARCH64/libs/LittleVgl/OUTPUT/lvgl/src/draw/nxp/vglite/lv_draw_vglite_arc.obj
/home/hina/edk2-msm/workspace/Build/tiffany/RELEASE_CLANG38/AARCH64/libs/LittleVgl/OUTPUT/lvgl/src/draw/nxp/vglite/lv_draw_vglite_blend.obj
/home/hina/edk2-msm/workspace/Build/tiffany/RELEASE_CLANG38/AARCH64/libs/LittleVgl/OUTPUT/lvgl/src/draw/nxp/vglite/lv_draw_vglite_rect.obj
/home/hina/edk2-msm/workspace/Build/tiffany/RELEASE_CLANG38/AARCH64/libs/LittleVgl/OUTPUT/lvgl/src/draw/nxp/vglite/lv_gpu_nxp_vglite.obj
/home/hina/edk2-msm/workspace/Build/tiffany/RELEASE_CLANG38/AARCH64/libs/LittleVgl/OUTPUT/lvgl/src/draw/sdl/lv_draw_sdl_arc.obj
/home/hina/edk2-msm/workspace/Build/tiffany/RELEASE_CLANG38/AARCH64/libs/LittleVgl/OUTPUT/lvgl/src/draw/sdl/lv_draw_sdl_bg.obj
/home/hina/edk2-msm/workspace/Build/tiffany/RELEASE_CLANG38/AARCH64/libs/LittleVgl/OUTPUT/lvgl/src/draw/sdl/lv_draw_sdl.obj
/home/hina/edk2-msm/workspace/Build/tiffany/RELEASE_CLANG38/AARCH64/libs/LittleVgl/OUTPUT/lvgl/src/draw/sdl/lv_draw_sdl_composite.obj
/home/hina/edk2-msm/workspace/Build/tiffany/RELEASE_CLANG38/AARCH64/libs/LittleVgl/OUTPUT/lvgl/src/draw/sdl/lv_draw_sdl_img.obj
/home/hina/edk2-msm/workspace/Build/tiffany/RELEASE_CLANG38/AARCH64/libs/LittleVgl/OUTPUT/lvgl/src/draw/sdl/lv_draw_sdl_label.obj
/home/hina/edk2-msm/workspace/Build/tiffany/RELEASE_CLANG38/AARCH64/libs/LittleVgl/OUTPUT/lvgl/src/draw/sdl/lv_draw_sdl_layer.obj
/home/hina/edk2-msm/workspace/Build/tiffany/RELEASE_CLANG38/AARCH64/libs/LittleVgl/OUTPUT/lvgl/src/draw/sdl/lv_draw_sdl_line.obj
/home/hina/edk2-msm/workspace/Build/tiffany/RELEASE_CLANG38/AARCH64/libs/LittleVgl/OUTPUT/lvgl/src/draw/sdl/lv_draw_sdl_mask.obj
/home/hina/edk2-msm/workspace/Build/tiffany/RELEASE_CLANG38/AARCH64/libs/LittleVgl/OUTPUT/lvgl/src/draw/sdl/lv_draw_sdl_polygon.obj
/home/hina/edk2-msm/workspace/Build/tiffany/RELEASE_CLANG38/AARCH64/libs/LittleVgl/OUTPUT/lvgl/src/draw/sdl/lv_draw_sdl_rect.obj
/home/hina/edk2-msm/workspace/Build/tiffany/RELEASE_CLANG38/AARCH64/libs/LittleVgl/OUTPUT/lvgl/src/draw/sdl/lv_draw_sdl_stack_blur.obj
/home/hina/edk2-msm/workspace/Build/tiffany/RELEASE_CLANG38/AARCH64/libs/LittleVgl/OUTPUT/lvgl/src/draw/sdl/lv_draw_sdl_texture_cache.obj
/home/hina/edk2-msm/workspace/Build/tiffany/RELEASE_CLANG38/AARCH64/libs/LittleVgl/OUTPUT/lvgl/src/draw/sdl/lv_draw_sdl_utils.obj
/home/hina/edk2-msm/workspace/Build/tiffany/RELEASE_CLANG38/AARCH64/libs/LittleVgl/OUTPUT/lvgl/src/draw/stm32_dma2d/lv_gpu_stm32_dma2d.obj
/home/hina/edk2-msm/workspace/Build/tiffany/RELEASE_CLANG38/AARCH64/libs/LittleVgl/OUTPUT/lvgl/src/draw/sw/lv_draw_sw_arc.obj
/home/hina/edk2-msm/workspace/Build/tiffany/RELEASE_CLANG38/AARCH64/libs/LittleVgl/OUTPUT/lvgl/src/draw/sw/lv_draw_sw_blend.obj
/home/hina/edk2-msm/workspace/Build/tiffany/RELEASE_CLANG38/AARCH64/libs/LittleVgl/OUTPUT/lvgl/src/draw/sw/lv_draw_sw.obj
/home/hina/edk2-msm/workspace/Build/tiffany/RELEASE_CLANG38/AARCH64/libs/LittleVgl/OUTPUT/lvgl/src/draw/sw/lv_draw_sw_dither.obj
/home/hina/edk2-msm/workspace/Build/tiffany/RELEASE_CLANG38/AARCH64/libs/LittleVgl/OUTPUT/lvgl/src/draw/sw/lv_draw_sw_gradient.obj
/home/hina/edk2-msm/workspace/Build/tiffany/RELEASE_CLANG38/AARCH64/libs/LittleVgl/OUTPUT/lvgl/src/draw/sw/lv_draw_sw_img.obj
/home/hina/edk2-msm/workspace/Build/tiffany/RELEASE_CLANG38/AARCH64/libs/LittleVgl/OUTPUT/lvgl/src/draw/sw/lv_draw_sw_layer.obj
/home/hina/edk2-msm/workspace/Build/tiffany/RELEASE_CLANG38/AARCH64/libs/LittleVgl/OUTPUT/lvgl/src/draw/sw/lv_draw_sw_letter.obj
/home/hina/edk2-msm/workspace/Build/tiffany/RELEASE_CLANG38/AARCH64/libs/LittleVgl/OUTPUT/lvgl/src/draw/sw/lv_draw_sw_line.obj
/home/hina/edk2-msm/workspace/Build/tiffany/RELEASE_CLANG38/AARCH64/libs/LittleVgl/OUTPUT/lvgl/src/draw/sw/lv_draw_sw_polygon.obj
/home/hina/edk2-msm/workspace/Build/tiffany/RELEASE_CLANG38/AARCH64/libs/LittleVgl/OUTPUT/lvgl/src/draw/sw/lv_draw_sw_rect.obj
/home/hina/edk2-msm/workspace/Build/tiffany/RELEASE_CLANG38/AARCH64/libs/LittleVgl/OUTPUT/lvgl/src/draw/sw/lv_draw_sw_transform.obj
/home/hina/edk2-msm/workspace/Build/tiffany/RELEASE_CLANG38/AARCH64/libs/LittleVgl/OUTPUT/lvgl/src/draw/swm341_dma2d/lv_gpu_swm341_dma2d.obj
/home/hina/edk2-msm/workspace/Build/tiffany/RELEASE_CLANG38/AARCH64/libs/LittleVgl/OUTPUT/lvgl/src/extra/layouts/flex/lv_flex.obj
/home/hina/edk2-msm/workspace/Build/tiffany/RELEASE_CLANG38/AARCH64/libs/LittleVgl/OUTPUT/lvgl/src/extra/layouts/grid/lv_grid.obj
/home/hina/edk2-msm/workspace/Build/tiffany/RELEASE_CLANG38/AARCH64/libs/LittleVgl/OUTPUT/lvgl/src/extra/libs/bmp/lv_bmp.obj
/home/hina/edk2-msm/workspace/Build/tiffany/RELEASE_CLANG38/AARCH64/libs/LittleVgl/OUTPUT/lvgl/src/extra/libs/ffmpeg/lv_ffmpeg.obj
/home/hina/edk2-msm/workspace/Build/tiffany/RELEASE_CLANG38/AARCH64/libs/LittleVgl/OUTPUT/lvgl/src/extra/libs/fsdrv/lv_fs_fatfs.obj
/home/hina/edk2-msm/workspace/Build/tiffany/RELEASE_CLANG38/AARCH64/libs/LittleVgl/OUTPUT/lvgl/src/extra/libs/fsdrv/lv_fs_posix.obj
/home/hina/edk2-msm/workspace/Build/tiffany/RELEASE_CLANG38/AARCH64/libs/LittleVgl/OUTPUT/lvgl/src/extra/libs/fsdrv/lv_fs_stdio.obj
/home/hina/edk2-msm/workspace/Build/tiffany/RELEASE_CLANG38/AARCH64/libs/LittleVgl/OUTPUT/lvgl/src/extra/libs/fsdrv/lv_fs_win32.obj
/home/hina/edk2-msm/workspace/Build/tiffany/RELEASE_CLANG38/AARCH64/libs/LittleVgl/OUTPUT/lvgl/src/extra/libs/gif/gifdec.obj
/home/hina/edk2-msm/workspace/Build/tiffany/RELEASE_CLANG38/AARCH64/libs/LittleVgl/OUTPUT/lvgl/src/extra/libs/gif/lv_gif.obj
/home/hina/edk2-msm/workspace/Build/tiffany/RELEASE_CLANG38/AARCH64/libs/LittleVgl/OUTPUT/lvgl/src/extra/libs/qrcode/lv_qrcode.obj
/home/hina/edk2-msm/workspace/Build/tiffany/RELEASE_CLANG38/AARCH64/libs/LittleVgl/OUTPUT/lvgl/src/extra/libs/qrcode/qrcodegen.obj
/home/hina/edk2-msm/workspace/Build/tiffany/RELEASE_CLANG38/AARCH64/libs/LittleVgl/OUTPUT/lvgl/src/extra/libs/rlottie/lv_rlottie.obj
/home/hina/edk2-msm/workspace/Build/tiffany/RELEASE_CLANG38/AARCH64/libs/LittleVgl/OUTPUT/lvgl/src/extra/libs/sjpg/lv_sjpg.obj
/home/hina/edk2-msm/workspace/Build/tiffany/RELEASE_CLANG38/AARCH64/libs/LittleVgl/OUTPUT/lvgl/src/extra/libs/sjpg/tjpgd.obj
/home/hina/edk2-msm/workspace/Build/tiffany/RELEASE_CLANG38/AARCH64/libs/LittleVgl/OUTPUT/lvgl/src/extra/lv_extra.obj
/home/hina/edk2-msm/workspace/Build/tiffany/RELEASE_CLANG38/AARCH64/libs/LittleVgl/OUTPUT/lvgl/src/extra/others/fragment/lv_fragment.obj
/home/hina/edk2-msm/workspace/Build/tiffany/RELEASE_CLANG38/AARCH64/libs/LittleVgl/OUTPUT/lvgl/src/extra/others/fragment/lv_fragment_manager.obj
/home/hina/edk2-msm/workspace/Build/tiffany/RELEASE_CLANG38/AARCH64/libs/LittleVgl/OUTPUT/lvgl/src/extra/others/gridnav/lv_gridnav.obj
/home/hina/edk2-msm/workspace/Build/tiffany/RELEASE_CLANG38/AARCH64/libs/LittleVgl/OUTPUT/lvgl/src/extra/others/ime/lv_ime_pinyin.obj
/home/hina/edk2-msm/workspace/Build/tiffany/RELEASE_CLANG38/AARCH64/libs/LittleVgl/OUTPUT/lvgl/src/extra/others/imgfont/lv_imgfont.obj
/home/hina/edk2-msm/workspace/Build/tiffany/RELEASE_CLANG38/AARCH64/libs/LittleVgl/OUTPUT/lvgl/src/extra/others/monkey/lv_monkey.obj
/home/hina/edk2-msm/workspace/Build/tiffany/RELEASE_CLANG38/AARCH64/libs/LittleVgl/OUTPUT/lvgl/src/extra/others/msg/lv_msg.obj
/home/hina/edk2-msm/workspace/Build/tiffany/RELEASE_CLANG38/AARCH64/libs/LittleVgl/OUTPUT/lvgl/src/extra/others/snapshot/lv_snapshot.obj
/home/hina/edk2-msm/workspace/Build/tiffany/RELEASE_CLANG38/AARCH64/libs/LittleVgl/OUTPUT/lvgl/src/extra/themes/basic/lv_theme_basic.obj
/home/hina/edk2-msm/workspace/Build/tiffany/RELEASE_CLANG38/AARCH64/libs/LittleVgl/OUTPUT/lvgl/src/extra/themes/default/lv_theme_default.obj
/home/hina/edk2-msm/workspace/Build/tiffany/RELEASE_CLANG38/AARCH64/libs/LittleVgl/OUTPUT/lvgl/src/extra/themes/mono/lv_theme_mono.obj
/home/hina/edk2-msm/workspace/Build/tiffany/RELEASE_CLANG38/AARCH64/libs/LittleVgl/OUTPUT/lvgl/src/extra/widgets/animimg/lv_animimg.obj
/home/hina/edk2-msm/workspace/Build/tiffany/RELEASE_CLANG38/AARCH64/libs/LittleVgl/OUTPUT/lvgl/src/extra/widgets/calendar/lv_calendar.obj
/home/hina/edk2-msm/workspace/Build/tiffany/RELEASE_CLANG38/AARCH64/libs/LittleVgl/OUTPUT/lvgl/src/extra/widgets/calendar/lv_calendar_header_arrow.obj
/home/hina/edk2-msm/workspace/Build/tiffany/RELEASE_CLANG38/AARCH64/libs/LittleVgl/OUTPUT/lvgl/src/extra/widgets/calendar/lv_calendar_header_dropdown.obj
/home/hina/edk2-msm/workspace/Build/tiffany/RELEASE_CLANG38/AARCH64/libs/LittleVgl/OUTPUT/lvgl/src/extra/widgets/chart/lv_chart.obj
/home/hina/edk2-msm/workspace/Build/tiffany/RELEASE_CLANG38/AARCH64/libs/LittleVgl/OUTPUT/lvgl/src/extra/widgets/colorwheel/lv_colorwheel.obj
/home/hina/edk2-msm/workspace/Build/tiffany/RELEASE_CLANG38/AARCH64/libs/LittleVgl/OUTPUT/lvgl/src/extra/widgets/imgbtn/lv_imgbtn.obj
/home/hina/edk2-msm/workspace/Build/tiffany/RELEASE_CLANG38/AARCH64/libs/LittleVgl/OUTPUT/lvgl/src/extra/widgets/keyboard/lv_keyboard.obj
/home/hina/edk2-msm/workspace/Build/tiffany/RELEASE_CLANG38/AARCH64/libs/LittleVgl/OUTPUT/lvgl/src/extra/widgets/led/lv_led.obj
/home/hina/edk2-msm/workspace/Build/tiffany/RELEASE_CLANG38/AARCH64/libs/LittleVgl/OUTPUT/lvgl/src/extra/widgets/list/lv_list.obj
/home/hina/edk2-msm/workspace/Build/tiffany/RELEASE_CLANG38/AARCH64/libs/LittleVgl/OUTPUT/lvgl/src/extra/widgets/menu/lv_menu.obj
/home/hina/edk2-msm/workspace/Build/tiffany/RELEASE_CLANG38/AARCH64/libs/LittleVgl/OUTPUT/lvgl/src/extra/widgets/meter/lv_meter.obj
/home/hina/edk2-msm/workspace/Build/tiffany/RELEASE_CLANG38/AARCH64/libs/LittleVgl/OUTPUT/lvgl/src/extra/widgets/msgbox/lv_msgbox.obj
/home/hina/edk2-msm/workspace/Build/tiffany/RELEASE_CLANG38/AARCH64/libs/LittleVgl/OUTPUT/lvgl/src/extra/widgets/span/lv_span.obj
/home/hina/edk2-msm/workspace/Build/tiffany/RELEASE_CLANG38/AARCH64/libs/LittleVgl/OUTPUT/lvgl/src/extra/widgets/spinbox/lv_spinbox.obj
/home/hina/edk2-msm/workspace/Build/tiffany/RELEASE_CLANG38/AARCH64/libs/LittleVgl/OUTPUT/lvgl/src/extra/widgets/spinner/lv_spinner.obj
/home/hina/edk2-msm/workspace/Build/tiffany/RELEASE_CLANG38/AARCH64/libs/LittleVgl/OUTPUT/lvgl/src/extra/widgets/tabview/lv_tabview.obj
/home/hina/edk2-msm/workspace/Build/tiffany/RELEASE_CLANG38/AARCH64/libs/LittleVgl/OUTPUT/lvgl/src/extra/widgets/tileview/lv_tileview.obj
/home/hina/edk2-msm/workspace/Build/tiffany/RELEASE_CLANG38/AARCH64/libs/LittleVgl/OUTPUT/lvgl/src/extra/widgets/win/lv_win.obj
/home/hina/edk2-msm/workspace/Build/tiffany/RELEASE_CLANG38/AARCH64/libs/LittleVgl/OUTPUT/lvgl/src/font/lv_font.obj
/home/hina/edk2-msm/workspace/Build/tiffany/RELEASE_CLANG38/AARCH64/libs/LittleVgl/OUTPUT/lvgl/src/font/lv_font_fmt_txt.obj
/home/hina/edk2-msm/workspace/Build/tiffany/RELEASE_CLANG38/AARCH64/libs/LittleVgl/OUTPUT/lvgl/src/font/lv_font_loader.obj
/home/hina/edk2-msm/workspace/Build/tiffany/RELEASE_CLANG38/AARCH64/libs/LittleVgl/OUTPUT/lvgl/src/hal/lv_hal_disp.obj
/home/hina/edk2-msm/workspace/Build/tiffany/RELEASE_CLANG38/AARCH64/libs/LittleVgl/OUTPUT/lvgl/src/hal/lv_hal_indev.obj
/home/hina/edk2-msm/workspace/Build/tiffany/RELEASE_CLANG38/AARCH64/libs/LittleVgl/OUTPUT/lvgl/src/hal/lv_hal_tick.obj
/home/hina/edk2-msm/workspace/Build/tiffany/RELEASE_CLANG38/AARCH64/libs/LittleVgl/OUTPUT/lvgl/src/misc/lv_anim.obj
/home/hina/edk2-msm/workspace/Build/tiffany/RELEASE_CLANG38/AARCH64/libs/LittleVgl/OUTPUT/lvgl/src/misc/lv_anim_timeline.obj
/home/hina/edk2-msm/workspace/Build/tiffany/RELEASE_CLANG38/AARCH64/libs/LittleVgl/OUTPUT/lvgl/src/misc/lv_area.obj
/home/hina/edk2-msm/workspace/Build/tiffany/RELEASE_CLANG38/AARCH64/libs/LittleVgl/OUTPUT/lvgl/src/misc/lv_async.obj
/home/hina/edk2-msm/workspace/Build/tiffany/RELEASE_CLANG38/AARCH64/libs/LittleVgl/OUTPUT/lvgl/src/misc/lv_bidi.obj
/home/hina/edk2-msm/workspace/Build/tiffany/RELEASE_CLANG38/AARCH64/libs/LittleVgl/OUTPUT/lvgl/src/misc/lv_color.obj
/home/hina/edk2-msm/workspace/Build/tiffany/RELEASE_CLANG38/AARCH64/libs/LittleVgl/OUTPUT/lvgl/src/misc/lv_fs.obj
/home/hina/edk2-msm/workspace/Build/tiffany/RELEASE_CLANG38/AARCH64/libs/LittleVgl/OUTPUT/lvgl/src/misc/lv_gc.obj
/home/hina/edk2-msm/workspace/Build/tiffany/RELEASE_CLANG38/AARCH64/libs/LittleVgl/OUTPUT/lvgl/src/misc/lv_ll.obj
/home/hina/edk2-msm/workspace/Build/tiffany/RELEASE_CLANG38/AARCH64/libs/LittleVgl/OUTPUT/lvgl/src/misc/lv_log.obj
/home/hina/edk2-msm/workspace/Build/tiffany/RELEASE_CLANG38/AARCH64/libs/LittleVgl/OUTPUT/lvgl/src/misc/lv_lru.obj
/home/hina/edk2-msm/workspace/Build/tiffany/RELEASE_CLANG38/AARCH64/libs/LittleVgl/OUTPUT/lvgl/src/misc/lv_math.obj
/home/hina/edk2-msm/workspace/Build/tiffany/RELEASE_CLANG38/AARCH64/libs/LittleVgl/OUTPUT/lvgl/src/misc/lv_mem.obj
/home/hina/edk2-msm/workspace/Build/tiffany/RELEASE_CLANG38/AARCH64/libs/LittleVgl/OUTPUT/lvgl/src/misc/lv_printf.obj
/home/hina/edk2-msm/workspace/Build/tiffany/RELEASE_CLANG38/AARCH64/libs/LittleVgl/OUTPUT/lvgl/src/misc/lv_style.obj
/home/hina/edk2-msm/workspace/Build/tiffany/RELEASE_CLANG38/AARCH64/libs/LittleVgl/OUTPUT/lvgl/src/misc/lv_style_gen.obj
/home/hina/edk2-msm/workspace/Build/tiffany/RELEASE_CLANG38/AARCH64/libs/LittleVgl/OUTPUT/lvgl/src/misc/lv_templ.obj
/home/hina/edk2-msm/workspace/Build/tiffany/RELEASE_CLANG38/AARCH64/libs/LittleVgl/OUTPUT/lvgl/src/misc/lv_timer.obj
/home/hina/edk2-msm/workspace/Build/tiffany/RELEASE_CLANG38/AARCH64/libs/LittleVgl/OUTPUT/lvgl/src/misc/lv_tlsf.obj
/home/hina/edk2-msm/workspace/Build/tiffany/RELEASE_CLANG38/AARCH64/libs/LittleVgl/OUTPUT/lvgl/src/misc/lv_txt_ap.obj
/home/hina/edk2-msm/workspace/Build/tiffany/RELEASE_CLANG38/AARCH64/libs/LittleVgl/OUTPUT/lvgl/src/misc/lv_txt.obj
/home/hina/edk2-msm/workspace/Build/tiffany/RELEASE_CLANG38/AARCH64/libs/LittleVgl/OUTPUT/lvgl/src/misc/lv_utils.obj
/home/hina/edk2-msm/workspace/Build/tiffany/RELEASE_CLANG38/AARCH64/libs/LittleVgl/OUTPUT/lvgl/src/widgets/lv_arc.obj
/home/hina/edk2-msm/workspace/Build/tiffany/RELEASE_CLANG38/AARCH64/libs/LittleVgl/OUTPUT/lvgl/src/widgets/lv_bar.obj
/home/hina/edk2-msm/workspace/Build/tiffany/RELEASE_CLANG38/AARCH64/libs/LittleVgl/OUTPUT/lvgl/src/widgets/lv_btn.obj
/home/hina/edk2-msm/workspace/Build/tiffany/RELEASE_CLANG38/AARCH64/libs/LittleVgl/OUTPUT/lvgl/src/widgets/lv_btnmatrix.obj
/home/hina/edk2-msm/workspace/Build/tiffany/RELEASE_CLANG38/AARCH64/libs/LittleVgl/OUTPUT/lvgl/src/widgets/lv_canvas.obj
/home/hina/edk2-msm/workspace/Build/tiffany/RELEASE_CLANG38/AARCH64/libs/LittleVgl/OUTPUT/lvgl/src/widgets/lv_checkbox.obj
/home/hina/edk2-msm/workspace/Build/tiffany/RELEASE_CLANG38/AARCH64/libs/LittleVgl/OUTPUT/lvgl/src/widgets/lv_dropdown.obj
/home/hina/edk2-msm/workspace/Build/tiffany/RELEASE_CLANG38/AARCH64/libs/LittleVgl/OUTPUT/lvgl/src/widgets/lv_img.obj
/home/hina/edk2-msm/workspace/Build/tiffany/RELEASE_CLANG38/AARCH64/libs/LittleVgl/OUTPUT/lvgl/src/widgets/lv_label.obj
/home/hina/edk2-msm/workspace/Build/tiffany/RELEASE_CLANG38/AARCH64/libs/LittleVgl/OUTPUT/lvgl/src/widgets/lv_line.obj
/home/hina/edk2-msm/workspace/Build/tiffany/RELEASE_CLANG38/AARCH64/libs/LittleVgl/OUTPUT/lvgl/src/widgets/lv_objx_templ.obj
/home/hina/edk2-msm/workspace/Build/tiffany/RELEASE_CLANG38/AARCH64/libs/LittleVgl/OUTPUT/lvgl/src/widgets/lv_roller.obj
/home/hina/edk2-msm/workspace/Build/tiffany/RELEASE_CLANG38/AARCH64/libs/LittleVgl/OUTPUT/lvgl/src/widgets/lv_slider.obj
/home/hina/edk2-msm/workspace/Build/tiffany/RELEASE_CLANG38/AARCH64/libs/LittleVgl/OUTPUT/lvgl/src/widgets/lv_switch.obj
/home/hina/edk2-msm/workspace/Build/tiffany/RELEASE_CLANG38/AARCH64/libs/LittleVgl/OUTPUT/lvgl/src/widgets/lv_table.obj
/home/hina/edk2-msm/workspace/Build/tiffany/RELEASE_CLANG38/AARCH64/libs/LittleVgl/OUTPUT/lvgl/src/widgets/lv_textarea.obj