/home/hina/edk2-msm/workspace/Build/tiffany/RELEASE_CLANG38/AARCH64/src/gui/SimpleInitGUI/OUTPUT/tools.obj
/home/hina/edk2-msm/workspace/Build/tiffany/RELEASE_CLANG38/AARCH64/src/gui/SimpleInitGUI/OUTPUT/color.obj
/home/hina/edk2-msm/workspace/Build/tiffany/RELEASE_CLANG38/AARCH64/src/gui/SimpleInitGUI/OUTPUT/activity.obj
/home/hina/edk2-msm/workspace/Build/tiffany/RELEASE_CLANG38/AARCH64/src/gui/SimpleInitGUI/OUTPUT/activities.obj
/home/hina/edk2-msm/workspace/Build/tiffany/RELEASE_CLANG38/AARCH64/src/gui/SimpleInitGUI/OUTPUT/gui_init.obj
/home/hina/edk2-msm/workspace/Build/tiffany/RELEASE_CLANG38/AARCH64/src/gui/SimpleInitGUI/OUTPUT/guidrv.obj
/home/hina/edk2-msm/workspace/Build/tiffany/RELEASE_CLANG38/AARCH64/src/gui/SimpleInitGUI/OUTPUT/drivers.obj
/home/hina/edk2-msm/workspace/Build/tiffany/RELEASE_CLANG38/AARCH64/src/gui/SimpleInitGUI/OUTPUT/drivers/modes.obj
/home/hina/edk2-msm/workspace/Build/tiffany/RELEASE_CLANG38/AARCH64/src/gui/SimpleInitGUI/OUTPUT/drivers/dummy.obj
/home/hina/edk2-msm/workspace/Build/tiffany/RELEASE_CLANG38/AARCH64/src/gui/SimpleInitGUI/OUTPUT/drivers/uefi_gop.obj
/home/hina/edk2-msm/workspace/Build/tiffany/RELEASE_CLANG38/AARCH64/src/gui/SimpleInitGUI/OUTPUT/drivers/uefi_uga.obj
/home/hina/edk2-msm/workspace/Build/tiffany/RELEASE_CLANG38/AARCH64/src/gui/SimpleInitGUI/OUTPUT/drivers/uefi_pointer.obj
/home/hina/edk2-msm/workspace/Build/tiffany/RELEASE_CLANG38/AARCH64/src/gui/SimpleInitGUI/OUTPUT/drivers/uefi_keyboard.obj
/home/hina/edk2-msm/workspace/Build/tiffany/RELEASE_CLANG38/AARCH64/src/gui/SimpleInitGUI/OUTPUT/drivers/uefi_touch.obj
/home/hina/edk2-msm/workspace/Build/tiffany/RELEASE_CLANG38/AARCH64/src/gui/SimpleInitGUI/OUTPUT/decoders/stb.obj
/home/hina/edk2-msm/workspace/Build/tiffany/RELEASE_CLANG38/AARCH64/src/gui/SimpleInitGUI/OUTPUT/decoders/png.obj
/home/hina/edk2-msm/workspace/Build/tiffany/RELEASE_CLANG38/AARCH64/src/gui/SimpleInitGUI/OUTPUT/decoders/bmp.obj
/home/hina/edk2-msm/workspace/Build/tiffany/RELEASE_CLANG38/AARCH64/src/gui/SimpleInitGUI/OUTPUT/decoders/svg.obj
/home/hina/edk2-msm/workspace/Build/tiffany/RELEASE_CLANG38/AARCH64/src/gui/SimpleInitGUI/OUTPUT/decoders/jpeg.obj
/home/hina/edk2-msm/workspace/Build/tiffany/RELEASE_CLANG38/AARCH64/src/gui/SimpleInitGUI/OUTPUT/decoders/image.obj
/home/hina/edk2-msm/workspace/Build/tiffany/RELEASE_CLANG38/AARCH64/src/gui/SimpleInitGUI/OUTPUT/decoders/freetype.obj
/home/hina/edk2-msm/workspace/Build/tiffany/RELEASE_CLANG38/AARCH64/src/gui/SimpleInitGUI/OUTPUT/lua/lua.obj
/home/hina/edk2-msm/workspace/Build/tiffany/RELEASE_CLANG38/AARCH64/src/gui/SimpleInitGUI/OUTPUT/lua/render.obj
/home/hina/edk2-msm/workspace/Build/tiffany/RELEASE_CLANG38/AARCH64/src/gui/SimpleInitGUI/OUTPUT/lua/render_obj.obj
/home/hina/edk2-msm/workspace/Build/tiffany/RELEASE_CLANG38/AARCH64/src/gui/SimpleInitGUI/OUTPUT/lua/render_event.obj
/home/hina/edk2-msm/workspace/Build/tiffany/RELEASE_CLANG38/AARCH64/src/gui/SimpleInitGUI/OUTPUT/lua/activity.obj
/home/hina/edk2-msm/workspace/Build/tiffany/RELEASE_CLANG38/AARCH64/src/gui/SimpleInitGUI/OUTPUT/lua/sysbar.obj
/home/hina/edk2-msm/workspace/Build/tiffany/RELEASE_CLANG38/AARCH64/src/gui/SimpleInitGUI/OUTPUT/lua/lvgl/lvgl.obj
/home/hina/edk2-msm/workspace/Build/tiffany/RELEASE_CLANG38/AARCH64/src/gui/SimpleInitGUI/OUTPUT/lua/lvgl/obj.obj
/home/hina/edk2-msm/workspace/Build/tiffany/RELEASE_CLANG38/AARCH64/src/gui/SimpleInitGUI/OUTPUT/lua/lvgl/lib.obj
/home/hina/edk2-msm/workspace/Build/tiffany/RELEASE_CLANG38/AARCH64/src/gui/SimpleInitGUI/OUTPUT/theme/icon.obj
/home/hina/edk2-msm/workspace/Build/tiffany/RELEASE_CLANG38/AARCH64/src/gui/SimpleInitGUI/OUTPUT/engine/app.obj
/home/hina/edk2-msm/workspace/Build/tiffany/RELEASE_CLANG38/AARCH64/src/gui/SimpleInitGUI/OUTPUT/engine/lib.obj
/home/hina/edk2-msm/workspace/Build/tiffany/RELEASE_CLANG38/AARCH64/src/gui/SimpleInitGUI/OUTPUT/engine/code.obj
/home/hina/edk2-msm/workspace/Build/tiffany/RELEASE_CLANG38/AARCH64/src/gui/SimpleInitGUI/OUTPUT/engine/event.obj
/home/hina/edk2-msm/workspace/Build/tiffany/RELEASE_CLANG38/AARCH64/src/gui/SimpleInitGUI/OUTPUT/engine/style.obj
/home/hina/edk2-msm/workspace/Build/tiffany/RELEASE_CLANG38/AARCH64/src/gui/SimpleInitGUI/OUTPUT/engine/struct.obj
/home/hina/edk2-msm/workspace/Build/tiffany/RELEASE_CLANG38/AARCH64/src/gui/SimpleInitGUI/OUTPUT/engine/inline.obj
/home/hina/edk2-msm/workspace/Build/tiffany/RELEASE_CLANG38/AARCH64/src/gui/SimpleInitGUI/OUTPUT/engine/render.obj
/home/hina/edk2-msm/workspace/Build/tiffany/RELEASE_CLANG38/AARCH64/src/gui/SimpleInitGUI/OUTPUT/engine/object.obj
/home/hina/edk2-msm/workspace/Build/tiffany/RELEASE_CLANG38/AARCH64/src/gui/SimpleInitGUI/OUTPUT/engine/objects.obj
/home/hina/edk2-msm/workspace/Build/tiffany/RELEASE_CLANG38/AARCH64/src/gui/SimpleInitGUI/OUTPUT/engine/activity.obj
/home/hina/edk2-msm/workspace/Build/tiffany/RELEASE_CLANG38/AARCH64/src/gui/SimpleInitGUI/OUTPUT/engine/attribute.obj
/home/hina/edk2-msm/workspace/Build/tiffany/RELEASE_CLANG38/AARCH64/src/gui/SimpleInitGUI/OUTPUT/engine/attributes/pos.obj
/home/hina/edk2-msm/workspace/Build/tiffany/RELEASE_CLANG38/AARCH64/src/gui/SimpleInitGUI/OUTPUT/engine/attributes/bool.obj
/home/hina/edk2-msm/workspace/Build/tiffany/RELEASE_CLANG38/AARCH64/src/gui/SimpleInitGUI/OUTPUT/engine/attributes/size.obj
/home/hina/edk2-msm/workspace/Build/tiffany/RELEASE_CLANG38/AARCH64/src/gui/SimpleInitGUI/OUTPUT/engine/attributes/input.obj
/home/hina/edk2-msm/workspace/Build/tiffany/RELEASE_CLANG38/AARCH64/src/gui/SimpleInitGUI/OUTPUT/engine/attributes/image.obj
/home/hina/edk2-msm/workspace/Build/tiffany/RELEASE_CLANG38/AARCH64/src/gui/SimpleInitGUI/OUTPUT/engine/attributes/layout.obj
/home/hina/edk2-msm/workspace/Build/tiffany/RELEASE_CLANG38/AARCH64/src/gui/SimpleInitGUI/OUTPUT/engine/attributes/generic.obj
/home/hina/edk2-msm/workspace/Build/tiffany/RELEASE_CLANG38/AARCH64/src/gui/SimpleInitGUI/OUTPUT/engine/data/attr_hands.obj
/home/hina/edk2-msm/workspace/Build/tiffany/RELEASE_CLANG38/AARCH64/src/gui/SimpleInitGUI/OUTPUT/engine/data/obj_hands.obj
/home/hina/edk2-msm/workspace/Build/tiffany/RELEASE_CLANG38/AARCH64/src/gui/SimpleInitGUI/OUTPUT/engine/data/style_props.obj
/home/hina/edk2-msm/workspace/Build/tiffany/RELEASE_CLANG38/AARCH64/src/gui/SimpleInitGUI/OUTPUT/engine/data/style_set_type.obj
/home/hina/edk2-msm/workspace/Build/tiffany/RELEASE_CLANG38/AARCH64/src/gui/SimpleInitGUI/OUTPUT/interface/filemgr/filemgr.obj
/home/hina/edk2-msm/workspace/Build/tiffany/RELEASE_CLANG38/AARCH64/src/gui/SimpleInitGUI/OUTPUT/interface/filemgr/filetab.obj
/home/hina/edk2-msm/workspace/Build/tiffany/RELEASE_CLANG38/AARCH64/src/gui/SimpleInitGUI/OUTPUT/interface/filemgr/fileview.obj
/home/hina/edk2-msm/workspace/Build/tiffany/RELEASE_CLANG38/AARCH64/src/gui/SimpleInitGUI/OUTPUT/interface/filemgr/fileopen.obj
/home/hina/edk2-msm/workspace/Build/tiffany/RELEASE_CLANG38/AARCH64/src/gui/SimpleInitGUI/OUTPUT/interface/bootmgr/bootmgr.obj
/home/hina/edk2-msm/workspace/Build/tiffany/RELEASE_CLANG38/AARCH64/src/gui/SimpleInitGUI/OUTPUT/interface/bootmgr/bootitem.obj
/home/hina/edk2-msm/workspace/Build/tiffany/RELEASE_CLANG38/AARCH64/src/gui/SimpleInitGUI/OUTPUT/interface/bootmgr/bootdata_efi.obj
/home/hina/edk2-msm/workspace/Build/tiffany/RELEASE_CLANG38/AARCH64/src/gui/SimpleInitGUI/OUTPUT/interface/bootmgr/bootdata_linux.obj
/home/hina/edk2-msm/workspace/Build/tiffany/RELEASE_CLANG38/AARCH64/src/gui/SimpleInitGUI/OUTPUT/interface/bootmgr/bootdata_memreg.obj
/home/hina/edk2-msm/workspace/Build/tiffany/RELEASE_CLANG38/AARCH64/src/gui/SimpleInitGUI/OUTPUT/interface/bootmgr/bootdata_uefi_option.obj
/home/hina/edk2-msm/workspace/Build/tiffany/RELEASE_CLANG38/AARCH64/src/gui/SimpleInitGUI/OUTPUT/interface/widgets/filepicker.obj
/home/hina/edk2-msm/workspace/Build/tiffany/RELEASE_CLANG38/AARCH64/src/gui/SimpleInitGUI/OUTPUT/interface/widgets/inputbox.obj
/home/hina/edk2-msm/workspace/Build/tiffany/RELEASE_CLANG38/AARCH64/src/gui/SimpleInitGUI/OUTPUT/interface/widgets/msgbox.obj
/home/hina/edk2-msm/workspace/Build/tiffany/RELEASE_CLANG38/AARCH64/src/gui/SimpleInitGUI/OUTPUT/interface/settings/language.obj
/home/hina/edk2-msm/workspace/Build/tiffany/RELEASE_CLANG38/AARCH64/src/gui/SimpleInitGUI/OUTPUT/interface/settings/mouse.obj
/home/hina/edk2-msm/workspace/Build/tiffany/RELEASE_CLANG38/AARCH64/src/gui/SimpleInitGUI/OUTPUT/interface/settings/theme.obj
/home/hina/edk2-msm/workspace/Build/tiffany/RELEASE_CLANG38/AARCH64/src/gui/SimpleInitGUI/OUTPUT/interface/conftool/create.obj
/home/hina/edk2-msm/workspace/Build/tiffany/RELEASE_CLANG38/AARCH64/src/gui/SimpleInitGUI/OUTPUT/interface/conftool/confsave.obj
/home/hina/edk2-msm/workspace/Build/tiffany/RELEASE_CLANG38/AARCH64/src/gui/SimpleInitGUI/OUTPUT/interface/conftool/confload.obj
/home/hina/edk2-msm/workspace/Build/tiffany/RELEASE_CLANG38/AARCH64/src/gui/SimpleInitGUI/OUTPUT/interface/conftool/conftool.obj
/home/hina/edk2-msm/workspace/Build/tiffany/RELEASE_CLANG38/AARCH64/src/gui/SimpleInitGUI/OUTPUT/interface/term/termview.obj
/home/hina/edk2-msm/workspace/Build/tiffany/RELEASE_CLANG38/AARCH64/src/gui/SimpleInitGUI/OUTPUT/interface/term/console.obj
/home/hina/edk2-msm/workspace/Build/tiffany/RELEASE_CLANG38/AARCH64/src/gui/SimpleInitGUI/OUTPUT/interface/term/baudrates.obj
/home/hina/edk2-msm/workspace/Build/tiffany/RELEASE_CLANG38/AARCH64/src/gui/SimpleInitGUI/OUTPUT/interface/term/serialport.obj
/home/hina/edk2-msm/workspace/Build/tiffany/RELEASE_CLANG38/AARCH64/src/gui/SimpleInitGUI/OUTPUT/interface/term/serialopen.obj
/home/hina/edk2-msm/workspace/Build/tiffany/RELEASE_CLANG38/AARCH64/src/gui/SimpleInitGUI/OUTPUT/interface/core/sysbar.obj
/home/hina/edk2-msm/workspace/Build/tiffany/RELEASE_CLANG38/AARCH64/src/gui/SimpleInitGUI/OUTPUT/interface/core/snackbar.obj
/home/hina/edk2-msm/workspace/Build/tiffany/RELEASE_CLANG38/AARCH64/src/gui/SimpleInitGUI/OUTPUT/interface/core/guiapp.obj
/home/hina/edk2-msm/workspace/Build/tiffany/RELEASE_CLANG38/AARCH64/src/gui/SimpleInitGUI/OUTPUT/interface/core/bootmenu.obj
/home/hina/edk2-msm/workspace/Build/tiffany/RELEASE_CLANG38/AARCH64/src/gui/SimpleInitGUI/OUTPUT/interface/core/ctrl_pad.obj
/home/hina/edk2-msm/workspace/Build/tiffany/RELEASE_CLANG38/AARCH64/src/gui/SimpleInitGUI/OUTPUT/interface/core/clipboard.obj
/home/hina/edk2-msm/workspace/Build/tiffany/RELEASE_CLANG38/AARCH64/src/gui/SimpleInitGUI/OUTPUT/interface/core/splash.obj
/home/hina/edk2-msm/workspace/Build/tiffany/RELEASE_CLANG38/AARCH64/src/gui/SimpleInitGUI/OUTPUT/interface/apps/acpi.obj
/home/hina/edk2-msm/workspace/Build/tiffany/RELEASE_CLANG38/AARCH64/src/gui/SimpleInitGUI/OUTPUT/interface/apps/abootimg.obj
/home/hina/edk2-msm/workspace/Build/tiffany/RELEASE_CLANG38/AARCH64/src/gui/SimpleInitGUI/OUTPUT/interface/apps/boot_linux.obj
/home/hina/edk2-msm/workspace/Build/tiffany/RELEASE_CLANG38/AARCH64/src/gui/SimpleInitGUI/OUTPUT/interface/apps/benchmark.obj
/home/hina/edk2-msm/workspace/Build/tiffany/RELEASE_CLANG38/AARCH64/src/gui/SimpleInitGUI/OUTPUT/interface/apps/fdt.obj
/home/hina/edk2-msm/workspace/Build/tiffany/RELEASE_CLANG38/AARCH64/src/gui/SimpleInitGUI/OUTPUT/interface/apps/uefi_bootmenu.obj
/home/hina/edk2-msm/workspace/Build/tiffany/RELEASE_CLANG38/AARCH64/src/gui/SimpleInitGUI/OUTPUT/interface/apps/uefi_start.obj
/home/hina/edk2-msm/workspace/Build/tiffany/RELEASE_CLANG38/AARCH64/src/gui/SimpleInitGUI/OUTPUT/interface/apps/uefi_dxe_load.obj
/home/hina/edk2-msm/workspace/Build/tiffany/RELEASE_CLANG38/AARCH64/src/gui/SimpleInitGUI/OUTPUT/interface/apps/uefi_shell.obj
/home/hina/edk2-msm/workspace/Build/tiffany/RELEASE_CLANG38/AARCH64/src/gui/SimpleInitGUI/OUTPUT/interface/apps/uefi_mass.obj
/home/hina/edk2-msm/workspace/Build/tiffany/RELEASE_CLANG38/AARCH64/src/gui/SimpleInitGUI/OUTPUT/interface/apps/text_editor.obj
/home/hina/edk2-msm/workspace/Build/tiffany/RELEASE_CLANG38/AARCH64/src/gui/SimpleInitGUI/OUTPUT/interface/apps/logviewer.obj
/home/hina/edk2-msm/workspace/Build/tiffany/RELEASE_CLANG38/AARCH64/src/gui/SimpleInitGUI/OUTPUT/interface/apps/calendar.obj
/home/hina/edk2-msm/workspace/Build/tiffany/RELEASE_CLANG38/AARCH64/src/gui/SimpleInitGUI/OUTPUT/interface/apps/scr_test.obj
/home/hina/edk2-msm/workspace/Build/tiffany/RELEASE_CLANG38/AARCH64/src/gui/SimpleInitGUI/OUTPUT/interface/apps/picture.obj
/home/hina/edk2-msm/workspace/Build/tiffany/RELEASE_CLANG38/AARCH64/src/gui/SimpleInitGUI/OUTPUT/interface/apps/pointer_test.obj
/home/hina/edk2-msm/workspace/Build/tiffany/RELEASE_CLANG38/AARCH64/src/gui/SimpleInitGUI/OUTPUT/interface/apps/ramdisk.obj
/home/hina/edk2-msm/workspace/Build/tiffany/RELEASE_CLANG38/AARCH64/src/gui/SimpleInitGUI/OUTPUT/interface/regedit/regedit.obj
/home/hina/edk2-msm/workspace/Build/tiffany/RELEASE_CLANG38/AARCH64/src/gui/SimpleInitGUI/OUTPUT/interface/regedit/string.obj
/home/hina/edk2-msm/workspace/Build/tiffany/RELEASE_CLANG38/AARCH64/src/gui/SimpleInitGUI/OUTPUT/interface/regedit/edit_value.obj
/home/hina/edk2-msm/workspace/Build/tiffany/RELEASE_CLANG38/AARCH64/src/gui/SimpleInitGUI/OUTPUT/string/string.obj