/home/hina/edk2-msm/workspace/Build/tiffany/RELEASE_CLANG38/AARCH64/libs/FreeType/OUTPUT/freetype/src/autofit/autofit.obj
/home/hina/edk2-msm/workspace/Build/tiffany/RELEASE_CLANG38/AARCH64/libs/FreeType/OUTPUT/freetype/src/base/ftbase.obj
/home/hina/edk2-msm/workspace/Build/tiffany/RELEASE_CLANG38/AARCH64/libs/FreeType/OUTPUT/freetype/src/base/ftbbox.obj
/home/hina/edk2-msm/workspace/Build/tiffany/RELEASE_CLANG38/AARCH64/libs/FreeType/OUTPUT/freetype/src/base/ftbdf.obj
/home/hina/edk2-msm/workspace/Build/tiffany/RELEASE_CLANG38/AARCH64/libs/FreeType/OUTPUT/freetype/src/base/ftbitmap.obj
/home/hina/edk2-msm/workspace/Build/tiffany/RELEASE_CLANG38/AARCH64/libs/FreeType/OUTPUT/freetype/src/base/ftcid.obj
/home/hina/edk2-msm/workspace/Build/tiffany/RELEASE_CLANG38/AARCH64/libs/FreeType/OUTPUT/freetype/src/base/ftdebug.obj
/home/hina/edk2-msm/workspace/Build/tiffany/RELEASE_CLANG38/AARCH64/libs/FreeType/OUTPUT/freetype/src/base/ftfstype.obj
/home/hina/edk2-msm/workspace/Build/tiffany/RELEASE_CLANG38/AARCH64/libs/FreeType/OUTPUT/freetype/src/base/ftgasp.obj
/home/hina/edk2-msm/workspace/Build/tiffany/RELEASE_CLANG38/AARCH64/libs/FreeType/OUTPUT/freetype/src/base/ftglyph.obj
/home/hina/edk2-msm/workspace/Build/tiffany/RELEASE_CLANG38/AARCH64/libs/FreeType/OUTPUT/freetype/src/base/ftgxval.obj
/home/hina/edk2-msm/workspace/Build/tiffany/RELEASE_CLANG38/AARCH64/libs/FreeType/OUTPUT/freetype/src/base/ftinit.obj
/home/hina/edk2-msm/workspace/Build/tiffany/RELEASE_CLANG38/AARCH64/libs/FreeType/OUTPUT/freetype/src/base/ftmm.obj
/home/hina/edk2-msm/workspace/Build/tiffany/RELEASE_CLANG38/AARCH64/libs/FreeType/OUTPUT/freetype/src/base/ftotval.obj
/home/hina/edk2-msm/workspace/Build/tiffany/RELEASE_CLANG38/AARCH64/libs/FreeType/OUTPUT/freetype/src/base/ftpatent.obj
/home/hina/edk2-msm/workspace/Build/tiffany/RELEASE_CLANG38/AARCH64/libs/FreeType/OUTPUT/freetype/src/base/ftpfr.obj
/home/hina/edk2-msm/workspace/Build/tiffany/RELEASE_CLANG38/AARCH64/libs/FreeType/OUTPUT/freetype/src/base/ftstroke.obj
/home/hina/edk2-msm/workspace/Build/tiffany/RELEASE_CLANG38/AARCH64/libs/FreeType/OUTPUT/freetype/src/base/ftsynth.obj
/home/hina/edk2-msm/workspace/Build/tiffany/RELEASE_CLANG38/AARCH64/libs/FreeType/OUTPUT/freetype/src/base/ftsystem.obj
/home/hina/edk2-msm/workspace/Build/tiffany/RELEASE_CLANG38/AARCH64/libs/FreeType/OUTPUT/freetype/src/base/fttype1.obj
/home/hina/edk2-msm/workspace/Build/tiffany/RELEASE_CLANG38/AARCH64/libs/FreeType/OUTPUT/freetype/src/base/ftwinfnt.obj
/home/hina/edk2-msm/workspace/Build/tiffany/RELEASE_CLANG38/AARCH64/libs/FreeType/OUTPUT/freetype/src/bdf/bdf.obj
/home/hina/edk2-msm/workspace/Build/tiffany/RELEASE_CLANG38/AARCH64/libs/FreeType/OUTPUT/freetype/src/bzip2/ftbzip2.obj
/home/hina/edk2-msm/workspace/Build/tiffany/RELEASE_CLANG38/AARCH64/libs/FreeType/OUTPUT/freetype/src/cache/ftcache.obj
/home/hina/edk2-msm/workspace/Build/tiffany/RELEASE_CLANG38/AARCH64/libs/FreeType/OUTPUT/freetype/src/cff/cff.obj
/home/hina/edk2-msm/workspace/Build/tiffany/RELEASE_CLANG38/AARCH64/libs/FreeType/OUTPUT/freetype/src/cid/type1cid.obj
/home/hina/edk2-msm/workspace/Build/tiffany/RELEASE_CLANG38/AARCH64/libs/FreeType/OUTPUT/freetype/src/gzip/ftgzip.obj
/home/hina/edk2-msm/workspace/Build/tiffany/RELEASE_CLANG38/AARCH64/libs/FreeType/OUTPUT/freetype/src/lzw/ftlzw.obj
/home/hina/edk2-msm/workspace/Build/tiffany/RELEASE_CLANG38/AARCH64/libs/FreeType/OUTPUT/freetype/src/pcf/pcf.obj
/home/hina/edk2-msm/workspace/Build/tiffany/RELEASE_CLANG38/AARCH64/libs/FreeType/OUTPUT/freetype/src/pfr/pfr.obj
/home/hina/edk2-msm/workspace/Build/tiffany/RELEASE_CLANG38/AARCH64/libs/FreeType/OUTPUT/freetype/src/psaux/psaux.obj
/home/hina/edk2-msm/workspace/Build/tiffany/RELEASE_CLANG38/AARCH64/libs/FreeType/OUTPUT/freetype/src/pshinter/pshinter.obj
/home/hina/edk2-msm/workspace/Build/tiffany/RELEASE_CLANG38/AARCH64/libs/FreeType/OUTPUT/freetype/src/psnames/psnames.obj
/home/hina/edk2-msm/workspace/Build/tiffany/RELEASE_CLANG38/AARCH64/libs/FreeType/OUTPUT/freetype/src/raster/raster.obj
/home/hina/edk2-msm/workspace/Build/tiffany/RELEASE_CLANG38/AARCH64/libs/FreeType/OUTPUT/freetype/src/sfnt/sfnt.obj
/home/hina/edk2-msm/workspace/Build/tiffany/RELEASE_CLANG38/AARCH64/libs/FreeType/OUTPUT/freetype/src/smooth/smooth.obj
/home/hina/edk2-msm/workspace/Build/tiffany/RELEASE_CLANG38/AARCH64/libs/FreeType/OUTPUT/freetype/src/truetype/truetype.obj
/home/hina/edk2-msm/workspace/Build/tiffany/RELEASE_CLANG38/AARCH64/libs/FreeType/OUTPUT/freetype/src/type1/type1.obj
/home/hina/edk2-msm/workspace/Build/tiffany/RELEASE_CLANG38/AARCH64/libs/FreeType/OUTPUT/freetype/src/type42/type42.obj
/home/hina/edk2-msm/workspace/Build/tiffany/RELEASE_CLANG38/AARCH64/libs/FreeType/OUTPUT/freetype/src/winfonts/winfnt.obj