/home/hina/edk2-msm/workspace/Build/tiffany/RELEASE_CLANG38/AARCH64/src/lua/SimpleInitLua/OUTPUT/conf.obj
/home/hina/edk2-msm/workspace/Build/tiffany/RELEASE_CLANG38/AARCH64/src/lua/SimpleInitLua/OUTPUT/feature.obj
/home/hina/edk2-msm/workspace/Build/tiffany/RELEASE_CLANG38/AARCH64/src/lua/SimpleInitLua/OUTPUT/nanosvg.obj
/home/hina/edk2-msm/workspace/Build/tiffany/RELEASE_CLANG38/AARCH64/src/lua/SimpleInitLua/OUTPUT/libs.obj
/home/hina/edk2-msm/workspace/Build/tiffany/RELEASE_CLANG38/AARCH64/src/lua/SimpleInitLua/OUTPUT/locate.obj
/home/hina/edk2-msm/workspace/Build/tiffany/RELEASE_CLANG38/AARCH64/src/lua/SimpleInitLua/OUTPUT/logger.obj
/home/hina/edk2-msm/workspace/Build/tiffany/RELEASE_CLANG38/AARCH64/src/lua/SimpleInitLua/OUTPUT/lua.obj
/home/hina/edk2-msm/workspace/Build/tiffany/RELEASE_CLANG38/AARCH64/src/lua/SimpleInitLua/OUTPUT/data.obj
/home/hina/edk2-msm/workspace/Build/tiffany/RELEASE_CLANG38/AARCH64/src/lua/SimpleInitLua/OUTPUT/abootimg.obj
/home/hina/edk2-msm/workspace/Build/tiffany/RELEASE_CLANG38/AARCH64/src/lua/SimpleInitLua/OUTPUT/url.obj
/home/hina/edk2-msm/workspace/Build/tiffany/RELEASE_CLANG38/AARCH64/src/lua/SimpleInitLua/OUTPUT/filesystem/fsh.obj
/home/hina/edk2-msm/workspace/Build/tiffany/RELEASE_CLANG38/AARCH64/src/lua/SimpleInitLua/OUTPUT/filesystem/fs_info.obj
/home/hina/edk2-msm/workspace/Build/tiffany/RELEASE_CLANG38/AARCH64/src/lua/SimpleInitLua/OUTPUT/filesystem/fs.obj
/home/hina/edk2-msm/workspace/Build/tiffany/RELEASE_CLANG38/AARCH64/src/lua/SimpleInitLua/OUTPUT/filesystem/string.obj
/home/hina/edk2-msm/workspace/Build/tiffany/RELEASE_CLANG38/AARCH64/src/lua/SimpleInitLua/OUTPUT/uefi/uefi.obj
/home/hina/edk2-msm/workspace/Build/tiffany/RELEASE_CLANG38/AARCH64/src/lua/SimpleInitLua/OUTPUT/uefi/system_table.obj
/home/hina/edk2-msm/workspace/Build/tiffany/RELEASE_CLANG38/AARCH64/src/lua/SimpleInitLua/OUTPUT/uefi/guids.obj
/home/hina/edk2-msm/workspace/Build/tiffany/RELEASE_CLANG38/AARCH64/src/lua/SimpleInitLua/OUTPUT/uefi/libs.obj
/home/hina/edk2-msm/workspace/Build/tiffany/RELEASE_CLANG38/AARCH64/src/lua/SimpleInitLua/OUTPUT/uefi/file_info.obj
/home/hina/edk2-msm/workspace/Build/tiffany/RELEASE_CLANG38/AARCH64/src/lua/SimpleInitLua/OUTPUT/uefi/libs/boot_logo_lib.obj
/home/hina/edk2-msm/workspace/Build/tiffany/RELEASE_CLANG38/AARCH64/src/lua/SimpleInitLua/OUTPUT/uefi/libs/io_lib.obj
/home/hina/edk2-msm/workspace/Build/tiffany/RELEASE_CLANG38/AARCH64/src/lua/SimpleInitLua/OUTPUT/uefi/libs/uefi_lib.obj
/home/hina/edk2-msm/workspace/Build/tiffany/RELEASE_CLANG38/AARCH64/src/lua/SimpleInitLua/OUTPUT/uefi/libs/uefi_boot_manager_lib.obj
/home/hina/edk2-msm/workspace/Build/tiffany/RELEASE_CLANG38/AARCH64/src/lua/SimpleInitLua/OUTPUT/uefi/data/bootopt.obj
/home/hina/edk2-msm/workspace/Build/tiffany/RELEASE_CLANG38/AARCH64/src/lua/SimpleInitLua/OUTPUT/uefi/data/boot_service.obj
/home/hina/edk2-msm/workspace/Build/tiffany/RELEASE_CLANG38/AARCH64/src/lua/SimpleInitLua/OUTPUT/uefi/data/char16.obj
/home/hina/edk2-msm/workspace/Build/tiffany/RELEASE_CLANG38/AARCH64/src/lua/SimpleInitLua/OUTPUT/uefi/data/devicepath.obj
/home/hina/edk2-msm/workspace/Build/tiffany/RELEASE_CLANG38/AARCH64/src/lua/SimpleInitLua/OUTPUT/uefi/data/event.obj
/home/hina/edk2-msm/workspace/Build/tiffany/RELEASE_CLANG38/AARCH64/src/lua/SimpleInitLua/OUTPUT/uefi/data/guid.obj
/home/hina/edk2-msm/workspace/Build/tiffany/RELEASE_CLANG38/AARCH64/src/lua/SimpleInitLua/OUTPUT/uefi/data/handle.obj
/home/hina/edk2-msm/workspace/Build/tiffany/RELEASE_CLANG38/AARCH64/src/lua/SimpleInitLua/OUTPUT/uefi/data/input_key.obj
/home/hina/edk2-msm/workspace/Build/tiffany/RELEASE_CLANG38/AARCH64/src/lua/SimpleInitLua/OUTPUT/uefi/data/runtime_service.obj
/home/hina/edk2-msm/workspace/Build/tiffany/RELEASE_CLANG38/AARCH64/src/lua/SimpleInitLua/OUTPUT/uefi/data/status.obj
/home/hina/edk2-msm/workspace/Build/tiffany/RELEASE_CLANG38/AARCH64/src/lua/SimpleInitLua/OUTPUT/uefi/data/time.obj
/home/hina/edk2-msm/workspace/Build/tiffany/RELEASE_CLANG38/AARCH64/src/lua/SimpleInitLua/OUTPUT/uefi/protocols/absolute_pointer.obj
/home/hina/edk2-msm/workspace/Build/tiffany/RELEASE_CLANG38/AARCH64/src/lua/SimpleInitLua/OUTPUT/uefi/protocols/acpi_table.obj
/home/hina/edk2-msm/workspace/Build/tiffany/RELEASE_CLANG38/AARCH64/src/lua/SimpleInitLua/OUTPUT/uefi/protocols/block_io.obj
/home/hina/edk2-msm/workspace/Build/tiffany/RELEASE_CLANG38/AARCH64/src/lua/SimpleInitLua/OUTPUT/uefi/protocols/boot_logo.obj
/home/hina/edk2-msm/workspace/Build/tiffany/RELEASE_CLANG38/AARCH64/src/lua/SimpleInitLua/OUTPUT/uefi/protocols/boot_logo2.obj
/home/hina/edk2-msm/workspace/Build/tiffany/RELEASE_CLANG38/AARCH64/src/lua/SimpleInitLua/OUTPUT/uefi/protocols/boot_manager_policy.obj
/home/hina/edk2-msm/workspace/Build/tiffany/RELEASE_CLANG38/AARCH64/src/lua/SimpleInitLua/OUTPUT/uefi/protocols/component_name.obj
/home/hina/edk2-msm/workspace/Build/tiffany/RELEASE_CLANG38/AARCH64/src/lua/SimpleInitLua/OUTPUT/uefi/protocols/component_name2.obj
/home/hina/edk2-msm/workspace/Build/tiffany/RELEASE_CLANG38/AARCH64/src/lua/SimpleInitLua/OUTPUT/uefi/protocols/deferred_image_load.obj
/home/hina/edk2-msm/workspace/Build/tiffany/RELEASE_CLANG38/AARCH64/src/lua/SimpleInitLua/OUTPUT/uefi/protocols/disk_info.obj
/home/hina/edk2-msm/workspace/Build/tiffany/RELEASE_CLANG38/AARCH64/src/lua/SimpleInitLua/OUTPUT/uefi/protocols/disk_io.obj
/home/hina/edk2-msm/workspace/Build/tiffany/RELEASE_CLANG38/AARCH64/src/lua/SimpleInitLua/OUTPUT/uefi/protocols/file.obj
/home/hina/edk2-msm/workspace/Build/tiffany/RELEASE_CLANG38/AARCH64/src/lua/SimpleInitLua/OUTPUT/uefi/protocols/graphics_output.obj
/home/hina/edk2-msm/workspace/Build/tiffany/RELEASE_CLANG38/AARCH64/src/lua/SimpleInitLua/OUTPUT/uefi/protocols/loaded_image.obj
/home/hina/edk2-msm/workspace/Build/tiffany/RELEASE_CLANG38/AARCH64/src/lua/SimpleInitLua/OUTPUT/uefi/protocols/partition_info.obj
/home/hina/edk2-msm/workspace/Build/tiffany/RELEASE_CLANG38/AARCH64/src/lua/SimpleInitLua/OUTPUT/uefi/protocols/ramdisk.obj
/home/hina/edk2-msm/workspace/Build/tiffany/RELEASE_CLANG38/AARCH64/src/lua/SimpleInitLua/OUTPUT/uefi/protocols/security_arch.obj
/home/hina/edk2-msm/workspace/Build/tiffany/RELEASE_CLANG38/AARCH64/src/lua/SimpleInitLua/OUTPUT/uefi/protocols/security2_arch.obj
/home/hina/edk2-msm/workspace/Build/tiffany/RELEASE_CLANG38/AARCH64/src/lua/SimpleInitLua/OUTPUT/uefi/protocols/serial_io.obj
/home/hina/edk2-msm/workspace/Build/tiffany/RELEASE_CLANG38/AARCH64/src/lua/SimpleInitLua/OUTPUT/uefi/protocols/simple_file_system.obj
/home/hina/edk2-msm/workspace/Build/tiffany/RELEASE_CLANG38/AARCH64/src/lua/SimpleInitLua/OUTPUT/uefi/protocols/simple_pointer.obj
/home/hina/edk2-msm/workspace/Build/tiffany/RELEASE_CLANG38/AARCH64/src/lua/SimpleInitLua/OUTPUT/uefi/protocols/simple_text_input.obj
/home/hina/edk2-msm/workspace/Build/tiffany/RELEASE_CLANG38/AARCH64/src/lua/SimpleInitLua/OUTPUT/uefi/protocols/simple_text_output.obj
/home/hina/edk2-msm/workspace/Build/tiffany/RELEASE_CLANG38/AARCH64/src/lua/SimpleInitLua/OUTPUT/uefi/protocols/timestamp.obj