/home/hina/edk2-msm/workspace/Build/tiffany/RELEASE_CLANG38/AARCH64/MdeModulePkg/Core/Dxe/DxeMain/OUTPUT/DxeCore.lib
/home/hina/edk2-msm/workspace/Build/tiffany/RELEASE_CLANG38/AARCH64/MdePkg/Library/BasePcdLibNull/BasePcdLibNull/OUTPUT/BasePcdLibNull.lib
/home/hina/edk2-msm/workspace/Build/tiffany/RELEASE_CLANG38/AARCH64/MdePkg/Library/BaseLib/BaseLib/OUTPUT/BaseLib.lib
/home/hina/edk2-msm/workspace/Build/tiffany/RELEASE_CLANG38/AARCH64/MdePkg/Library/BaseMemoryLib/BaseMemoryLib/OUTPUT/BaseMemoryLib.lib
/home/hina/edk2-msm/workspace/Build/tiffany/RELEASE_CLANG38/AARCH64/MdePkg/Library/RegisterFilterLibNull/RegisterFilterLibNull/OUTPUT/FilterLibNull.lib
/home/hina/edk2-msm/workspace/Build/tiffany/RELEASE_CLANG38/AARCH64/MdePkg/Library/DxeCoreEntryPoint/DxeCoreEntryPoint/OUTPUT/DxeCoreEntryPoint.lib
/home/hina/edk2-msm/workspace/Build/tiffany/RELEASE_CLANG38/AARCH64/ArmPkg/Library/ArmLib/ArmBaseLib/OUTPUT/ArmBaseLib.lib
/home/hina/edk2-msm/workspace/Build/tiffany/RELEASE_CLANG38/AARCH64/MdePkg/Library/BaseIoLibIntrinsic/BaseIoLibIntrinsic/OUTPUT/BaseIoLibIntrinsic.lib
/home/hina/edk2-msm/workspace/Build/tiffany/RELEASE_CLANG38/AARCH64/ArmPkg/Library/CompilerIntrinsicsLib/CompilerIntrinsicsLib/OUTPUT/CompilerIntrinsicsLib.lib
/home/hina/edk2-msm/workspace/Build/tiffany/RELEASE_CLANG38/AARCH64/MdePkg/Library/DxeCoreHobLib/DxeCoreHobLib/OUTPUT/DxeCoreHobLib.lib
/home/hina/edk2-msm/workspace/Build/tiffany/RELEASE_CLANG38/AARCH64/ArmPkg/Library/ArmCacheMaintenanceLib/ArmCacheMaintenanceLib/OUTPUT/ArmCacheMaintenanceLib.lib
/home/hina/edk2-msm/workspace/Build/tiffany/RELEASE_CLANG38/AARCH64/MdePkg/Library/BaseDebugPrintErrorLevelLib/BaseDebugPrintErrorLevelLib/OUTPUT/BaseDebugPrintErrorLevelLib.lib
/home/hina/edk2-msm/workspace/Build/tiffany/RELEASE_CLANG38/AARCH64/Silicon/Qualcomm/QcomPkg/Library/FrameBufferSerialPortLib/FrameBufferSerialPortLib/OUTPUT/FrameBufferSerialPortLib.lib
/home/hina/edk2-msm/workspace/Build/tiffany/RELEASE_CLANG38/AARCH64/MdePkg/Library/BasePrintLib/BasePrintLib/OUTPUT/BasePrintLib.lib
/home/hina/edk2-msm/workspace/Build/tiffany/RELEASE_CLANG38/AARCH64/MdePkg/Library/BaseDebugLibSerialPort/BaseDebugLibSerialPort/OUTPUT/BaseDebugLibSerialPort.lib
/home/hina/edk2-msm/workspace/Build/tiffany/RELEASE_CLANG38/AARCH64/ArmPkg/Library/ArmGenericTimerPhyCounterLib/ArmGenericTimerPhyCounterLib/OUTPUT/ArmGenericTimerPhyCounterLib.lib
/home/hina/edk2-msm/workspace/Build/tiffany/RELEASE_CLANG38/AARCH64/ArmPkg/Library/ArmArchTimerLib/ArmArchTimerLib/OUTPUT/ArmArchTimerLib.lib
/home/hina/edk2-msm/workspace/Build/tiffany/RELEASE_CLANG38/AARCH64/MdeModulePkg/Library/DxeCoreMemoryAllocationLib/DxeCoreMemoryAllocationLib/OUTPUT/DxeCoreMemoryAllocationLib.lib
/home/hina/edk2-msm/workspace/Build/tiffany/RELEASE_CLANG38/AARCH64/MdePkg/Library/UefiRuntimeServicesTableLib/UefiRuntimeServicesTableLib/OUTPUT/UefiRuntimeServicesTableLib.lib
/home/hina/edk2-msm/workspace/Build/tiffany/RELEASE_CLANG38/AARCH64/MdePkg/Library/UefiDevicePathLib/UefiDevicePathLib/OUTPUT/UefiDevicePathLib.lib
/home/hina/edk2-msm/workspace/Build/tiffany/RELEASE_CLANG38/AARCH64/MdePkg/Library/UefiBootServicesTableLib/UefiBootServicesTableLib/OUTPUT/UefiBootServicesTableLib.lib
/home/hina/edk2-msm/workspace/Build/tiffany/RELEASE_CLANG38/AARCH64/MdePkg/Library/BasePeCoffGetEntryPointLib/BasePeCoffGetEntryPointLib/OUTPUT/BasePeCoffGetEntryPointLib.lib
/home/hina/edk2-msm/workspace/Build/tiffany/RELEASE_CLANG38/AARCH64/MdePkg/Library/UefiLib/UefiLib/OUTPUT/UefiLib.lib
/home/hina/edk2-msm/workspace/Build/tiffany/RELEASE_CLANG38/AARCH64/ArmPkg/Library/ArmDisassemblerLib/ArmDisassemblerLib/OUTPUT/ArmDisassemblerLib.lib
/home/hina/edk2-msm/workspace/Build/tiffany/RELEASE_CLANG38/AARCH64/MdePkg/Library/DxeServicesLib/DxeServicesLib/OUTPUT/DxeServicesLib.lib
/home/hina/edk2-msm/workspace/Build/tiffany/RELEASE_CLANG38/AARCH64/MdeModulePkg/Library/DxeReportStatusCodeLib/DxeReportStatusCodeLib/OUTPUT/DxeReportStatusCodeLib.lib
/home/hina/edk2-msm/workspace/Build/tiffany/RELEASE_CLANG38/AARCH64/MdePkg/Library/BasePeCoffExtraActionLibNull/BasePeCoffExtraActionLibNull/OUTPUT/PeCoffExtraActionLibNull.lib
/home/hina/edk2-msm/workspace/Build/tiffany/RELEASE_CLANG38/AARCH64/ArmPkg/Library/DefaultExceptionHandlerLib/DefaultExceptionHandlerLib/OUTPUT/DefaultExceptionHandlerLib.lib
/home/hina/edk2-msm/workspace/Build/tiffany/RELEASE_CLANG38/AARCH64/MdePkg/Library/DxeExtractGuidedSectionLib/DxeExtractGuidedSectionLib/OUTPUT/DxeExtractGuidedSectionLib.lib
/home/hina/edk2-msm/workspace/Build/tiffany/RELEASE_CLANG38/AARCH64/MdePkg/Library/BaseUefiDecompressLib/BaseUefiDecompressLib/OUTPUT/BaseUefiDecompressLib.lib
/home/hina/edk2-msm/workspace/Build/tiffany/RELEASE_CLANG38/AARCH64/MdeModulePkg/Library/DxeCorePerformanceLib/DxeCorePerformanceLib/OUTPUT/DxeCorePerformanceLib.lib
/home/hina/edk2-msm/workspace/Build/tiffany/RELEASE_CLANG38/AARCH64/MdePkg/Library/BasePeCoffLib/BasePeCoffLib/OUTPUT/BasePeCoffLib.lib
/home/hina/edk2-msm/workspace/Build/tiffany/RELEASE_CLANG38/AARCH64/MdeModulePkg/Library/DebugAgentLibNull/DebugAgentLibNull/OUTPUT/DebugAgentLibNull.lib
/home/hina/edk2-msm/workspace/Build/tiffany/RELEASE_CLANG38/AARCH64/ArmPkg/Library/ArmExceptionLib/ArmExceptionLib/OUTPUT/ArmExceptionLib.lib
/home/hina/edk2-msm/workspace/Build/tiffany/RELEASE_CLANG38/AARCH64/MdePkg/Library/BaseStackCheckLib/BaseStackCheckLib/OUTPUT/BaseStackCheckLib.lib
/home/hina/edk2-msm/workspace/Build/tiffany/RELEASE_CLANG38/AARCH64/MdeModulePkg/Library/DxeCrc32GuidedSectionExtractLib/DxeCrc32GuidedSectionExtractLib/OUTPUT/DxeCrc32GuidedSectionExtractLib.lib
/home/hina/edk2-msm/workspace/Build/tiffany/RELEASE_CLANG38/AARCH64/MdeModulePkg/Library/LzmaCustomDecompressLib/LzmaCustomDecompressLib/OUTPUT/LzmaDecompressLib.lib