/home/hina/edk2-msm/workspace/Build/tiffany/RELEASE_CLANG38/AARCH64/libs/lua/LuaLib/OUTPUT/libs/lua/lua-uefi/loslib.obj
/home/hina/edk2-msm/workspace/Build/tiffany/RELEASE_CLANG38/AARCH64/libs/lua/LuaLib/OUTPUT/libs/lua/lua-uefi/liolib.obj
/home/hina/edk2-msm/workspace/Build/tiffany/RELEASE_CLANG38/AARCH64/libs/lua/LuaLib/OUTPUT/libs/lua/lapi.obj
/home/hina/edk2-msm/workspace/Build/tiffany/RELEASE_CLANG38/AARCH64/libs/lua/LuaLib/OUTPUT/libs/lua/lauxlib.obj
/home/hina/edk2-msm/workspace/Build/tiffany/RELEASE_CLANG38/AARCH64/libs/lua/LuaLib/OUTPUT/libs/lua/lbaselib.obj
/home/hina/edk2-msm/workspace/Build/tiffany/RELEASE_CLANG38/AARCH64/libs/lua/LuaLib/OUTPUT/libs/lua/lutf8lib.obj
/home/hina/edk2-msm/workspace/Build/tiffany/RELEASE_CLANG38/AARCH64/libs/lua/LuaLib/OUTPUT/libs/lua/lcode.obj
/home/hina/edk2-msm/workspace/Build/tiffany/RELEASE_CLANG38/AARCH64/libs/lua/LuaLib/OUTPUT/libs/lua/lcorolib.obj
/home/hina/edk2-msm/workspace/Build/tiffany/RELEASE_CLANG38/AARCH64/libs/lua/LuaLib/OUTPUT/libs/lua/lctype.obj
/home/hina/edk2-msm/workspace/Build/tiffany/RELEASE_CLANG38/AARCH64/libs/lua/LuaLib/OUTPUT/libs/lua/ldblib.obj
/home/hina/edk2-msm/workspace/Build/tiffany/RELEASE_CLANG38/AARCH64/libs/lua/LuaLib/OUTPUT/libs/lua/ldebug.obj
/home/hina/edk2-msm/workspace/Build/tiffany/RELEASE_CLANG38/AARCH64/libs/lua/LuaLib/OUTPUT/libs/lua/ldo.obj
/home/hina/edk2-msm/workspace/Build/tiffany/RELEASE_CLANG38/AARCH64/libs/lua/LuaLib/OUTPUT/libs/lua/ldump.obj
/home/hina/edk2-msm/workspace/Build/tiffany/RELEASE_CLANG38/AARCH64/libs/lua/LuaLib/OUTPUT/libs/lua/lfunc.obj
/home/hina/edk2-msm/workspace/Build/tiffany/RELEASE_CLANG38/AARCH64/libs/lua/LuaLib/OUTPUT/libs/lua/lgc.obj
/home/hina/edk2-msm/workspace/Build/tiffany/RELEASE_CLANG38/AARCH64/libs/lua/LuaLib/OUTPUT/libs/lua/llex.obj
/home/hina/edk2-msm/workspace/Build/tiffany/RELEASE_CLANG38/AARCH64/libs/lua/LuaLib/OUTPUT/libs/lua/lmathlib.obj
/home/hina/edk2-msm/workspace/Build/tiffany/RELEASE_CLANG38/AARCH64/libs/lua/LuaLib/OUTPUT/libs/lua/lmem.obj
/home/hina/edk2-msm/workspace/Build/tiffany/RELEASE_CLANG38/AARCH64/libs/lua/LuaLib/OUTPUT/libs/lua/loadlib.obj
/home/hina/edk2-msm/workspace/Build/tiffany/RELEASE_CLANG38/AARCH64/libs/lua/LuaLib/OUTPUT/libs/lua/lobject.obj
/home/hina/edk2-msm/workspace/Build/tiffany/RELEASE_CLANG38/AARCH64/libs/lua/LuaLib/OUTPUT/libs/lua/lopcodes.obj
/home/hina/edk2-msm/workspace/Build/tiffany/RELEASE_CLANG38/AARCH64/libs/lua/LuaLib/OUTPUT/libs/lua/lparser.obj
/home/hina/edk2-msm/workspace/Build/tiffany/RELEASE_CLANG38/AARCH64/libs/lua/LuaLib/OUTPUT/libs/lua/lstate.obj
/home/hina/edk2-msm/workspace/Build/tiffany/RELEASE_CLANG38/AARCH64/libs/lua/LuaLib/OUTPUT/libs/lua/lstring.obj
/home/hina/edk2-msm/workspace/Build/tiffany/RELEASE_CLANG38/AARCH64/libs/lua/LuaLib/OUTPUT/libs/lua/lstrlib.obj
/home/hina/edk2-msm/workspace/Build/tiffany/RELEASE_CLANG38/AARCH64/libs/lua/LuaLib/OUTPUT/libs/lua/ltable.obj
/home/hina/edk2-msm/workspace/Build/tiffany/RELEASE_CLANG38/AARCH64/libs/lua/LuaLib/OUTPUT/libs/lua/ltablib.obj
/home/hina/edk2-msm/workspace/Build/tiffany/RELEASE_CLANG38/AARCH64/libs/lua/LuaLib/OUTPUT/libs/lua/ltm.obj
/home/hina/edk2-msm/workspace/Build/tiffany/RELEASE_CLANG38/AARCH64/libs/lua/LuaLib/OUTPUT/libs/lua/lundump.obj
/home/hina/edk2-msm/workspace/Build/tiffany/RELEASE_CLANG38/AARCH64/libs/lua/LuaLib/OUTPUT/libs/lua/lvm.obj
/home/hina/edk2-msm/workspace/Build/tiffany/RELEASE_CLANG38/AARCH64/libs/lua/LuaLib/OUTPUT/libs/lua/lzio.obj