/home/hina/edk2-msm/workspace/Build/tiffany/RELEASE_CLANG38/AARCH64/libs/libzip/ZipLib/OUTPUT/libs/libzip/uefi/zip_err_str.obj
/home/hina/edk2-msm/workspace/Build/tiffany/RELEASE_CLANG38/AARCH64/libs/libzip/ZipLib/OUTPUT/libs/libzip/lib/zip_add.obj
/home/hina/edk2-msm/workspace/Build/tiffany/RELEASE_CLANG38/AARCH64/libs/libzip/ZipLib/OUTPUT/libs/libzip/lib/zip_add_dir.obj
/home/hina/edk2-msm/workspace/Build/tiffany/RELEASE_CLANG38/AARCH64/libs/libzip/ZipLib/OUTPUT/libs/libzip/lib/zip_add_entry.obj
/home/hina/edk2-msm/workspace/Build/tiffany/RELEASE_CLANG38/AARCH64/libs/libzip/ZipLib/OUTPUT/libs/libzip/lib/zip_algorithm_deflate.obj
/home/hina/edk2-msm/workspace/Build/tiffany/RELEASE_CLANG38/AARCH64/libs/libzip/ZipLib/OUTPUT/libs/libzip/lib/zip_buffer.obj
/home/hina/edk2-msm/workspace/Build/tiffany/RELEASE_CLANG38/AARCH64/libs/libzip/ZipLib/OUTPUT/libs/libzip/lib/zip_close.obj
/home/hina/edk2-msm/workspace/Build/tiffany/RELEASE_CLANG38/AARCH64/libs/libzip/ZipLib/OUTPUT/libs/libzip/lib/zip_delete.obj
/home/hina/edk2-msm/workspace/Build/tiffany/RELEASE_CLANG38/AARCH64/libs/libzip/ZipLib/OUTPUT/libs/libzip/lib/zip_dir_add.obj
/home/hina/edk2-msm/workspace/Build/tiffany/RELEASE_CLANG38/AARCH64/libs/libzip/ZipLib/OUTPUT/libs/libzip/lib/zip_dirent.obj
/home/hina/edk2-msm/workspace/Build/tiffany/RELEASE_CLANG38/AARCH64/libs/libzip/ZipLib/OUTPUT/libs/libzip/lib/zip_discard.obj
/home/hina/edk2-msm/workspace/Build/tiffany/RELEASE_CLANG38/AARCH64/libs/libzip/ZipLib/OUTPUT/libs/libzip/lib/zip_entry.obj
/home/hina/edk2-msm/workspace/Build/tiffany/RELEASE_CLANG38/AARCH64/libs/libzip/ZipLib/OUTPUT/libs/libzip/lib/zip_error.obj
/home/hina/edk2-msm/workspace/Build/tiffany/RELEASE_CLANG38/AARCH64/libs/libzip/ZipLib/OUTPUT/libs/libzip/lib/zip_error_clear.obj
/home/hina/edk2-msm/workspace/Build/tiffany/RELEASE_CLANG38/AARCH64/libs/libzip/ZipLib/OUTPUT/libs/libzip/lib/zip_error_get.obj
/home/hina/edk2-msm/workspace/Build/tiffany/RELEASE_CLANG38/AARCH64/libs/libzip/ZipLib/OUTPUT/libs/libzip/lib/zip_error_get_sys_type.obj
/home/hina/edk2-msm/workspace/Build/tiffany/RELEASE_CLANG38/AARCH64/libs/libzip/ZipLib/OUTPUT/libs/libzip/lib/zip_error_strerror.obj
/home/hina/edk2-msm/workspace/Build/tiffany/RELEASE_CLANG38/AARCH64/libs/libzip/ZipLib/OUTPUT/libs/libzip/lib/zip_error_to_str.obj
/home/hina/edk2-msm/workspace/Build/tiffany/RELEASE_CLANG38/AARCH64/libs/libzip/ZipLib/OUTPUT/libs/libzip/lib/zip_extra_field.obj
/home/hina/edk2-msm/workspace/Build/tiffany/RELEASE_CLANG38/AARCH64/libs/libzip/ZipLib/OUTPUT/libs/libzip/lib/zip_extra_field_api.obj
/home/hina/edk2-msm/workspace/Build/tiffany/RELEASE_CLANG38/AARCH64/libs/libzip/ZipLib/OUTPUT/libs/libzip/lib/zip_fclose.obj
/home/hina/edk2-msm/workspace/Build/tiffany/RELEASE_CLANG38/AARCH64/libs/libzip/ZipLib/OUTPUT/libs/libzip/lib/zip_file_add.obj
/home/hina/edk2-msm/workspace/Build/tiffany/RELEASE_CLANG38/AARCH64/libs/libzip/ZipLib/OUTPUT/libs/libzip/lib/zip_file_error_clear.obj
/home/hina/edk2-msm/workspace/Build/tiffany/RELEASE_CLANG38/AARCH64/libs/libzip/ZipLib/OUTPUT/libs/libzip/lib/zip_file_error_get.obj
/home/hina/edk2-msm/workspace/Build/tiffany/RELEASE_CLANG38/AARCH64/libs/libzip/ZipLib/OUTPUT/libs/libzip/lib/zip_file_get_comment.obj
/home/hina/edk2-msm/workspace/Build/tiffany/RELEASE_CLANG38/AARCH64/libs/libzip/ZipLib/OUTPUT/libs/libzip/lib/zip_file_get_external_attributes.obj
/home/hina/edk2-msm/workspace/Build/tiffany/RELEASE_CLANG38/AARCH64/libs/libzip/ZipLib/OUTPUT/libs/libzip/lib/zip_file_get_offset.obj
/home/hina/edk2-msm/workspace/Build/tiffany/RELEASE_CLANG38/AARCH64/libs/libzip/ZipLib/OUTPUT/libs/libzip/lib/zip_file_rename.obj
/home/hina/edk2-msm/workspace/Build/tiffany/RELEASE_CLANG38/AARCH64/libs/libzip/ZipLib/OUTPUT/libs/libzip/lib/zip_file_replace.obj
/home/hina/edk2-msm/workspace/Build/tiffany/RELEASE_CLANG38/AARCH64/libs/libzip/ZipLib/OUTPUT/libs/libzip/lib/zip_file_set_comment.obj
/home/hina/edk2-msm/workspace/Build/tiffany/RELEASE_CLANG38/AARCH64/libs/libzip/ZipLib/OUTPUT/libs/libzip/lib/zip_file_set_encryption.obj
/home/hina/edk2-msm/workspace/Build/tiffany/RELEASE_CLANG38/AARCH64/libs/libzip/ZipLib/OUTPUT/libs/libzip/lib/zip_file_set_external_attributes.obj
/home/hina/edk2-msm/workspace/Build/tiffany/RELEASE_CLANG38/AARCH64/libs/libzip/ZipLib/OUTPUT/libs/libzip/lib/zip_file_set_mtime.obj
/home/hina/edk2-msm/workspace/Build/tiffany/RELEASE_CLANG38/AARCH64/libs/libzip/ZipLib/OUTPUT/libs/libzip/lib/zip_file_strerror.obj
/home/hina/edk2-msm/workspace/Build/tiffany/RELEASE_CLANG38/AARCH64/libs/libzip/ZipLib/OUTPUT/libs/libzip/lib/zip_fopen.obj
/home/hina/edk2-msm/workspace/Build/tiffany/RELEASE_CLANG38/AARCH64/libs/libzip/ZipLib/OUTPUT/libs/libzip/lib/zip_fopen_encrypted.obj
/home/hina/edk2-msm/workspace/Build/tiffany/RELEASE_CLANG38/AARCH64/libs/libzip/ZipLib/OUTPUT/libs/libzip/lib/zip_fopen_index.obj
/home/hina/edk2-msm/workspace/Build/tiffany/RELEASE_CLANG38/AARCH64/libs/libzip/ZipLib/OUTPUT/libs/libzip/lib/zip_fopen_index_encrypted.obj
/home/hina/edk2-msm/workspace/Build/tiffany/RELEASE_CLANG38/AARCH64/libs/libzip/ZipLib/OUTPUT/libs/libzip/lib/zip_fread.obj
/home/hina/edk2-msm/workspace/Build/tiffany/RELEASE_CLANG38/AARCH64/libs/libzip/ZipLib/OUTPUT/libs/libzip/lib/zip_fseek.obj
/home/hina/edk2-msm/workspace/Build/tiffany/RELEASE_CLANG38/AARCH64/libs/libzip/ZipLib/OUTPUT/libs/libzip/lib/zip_ftell.obj
/home/hina/edk2-msm/workspace/Build/tiffany/RELEASE_CLANG38/AARCH64/libs/libzip/ZipLib/OUTPUT/libs/libzip/lib/zip_get_archive_comment.obj
/home/hina/edk2-msm/workspace/Build/tiffany/RELEASE_CLANG38/AARCH64/libs/libzip/ZipLib/OUTPUT/libs/libzip/lib/zip_get_archive_flag.obj
/home/hina/edk2-msm/workspace/Build/tiffany/RELEASE_CLANG38/AARCH64/libs/libzip/ZipLib/OUTPUT/libs/libzip/lib/zip_get_encryption_implementation.obj
/home/hina/edk2-msm/workspace/Build/tiffany/RELEASE_CLANG38/AARCH64/libs/libzip/ZipLib/OUTPUT/libs/libzip/lib/zip_get_file_comment.obj
/home/hina/edk2-msm/workspace/Build/tiffany/RELEASE_CLANG38/AARCH64/libs/libzip/ZipLib/OUTPUT/libs/libzip/lib/zip_get_name.obj
/home/hina/edk2-msm/workspace/Build/tiffany/RELEASE_CLANG38/AARCH64/libs/libzip/ZipLib/OUTPUT/libs/libzip/lib/zip_get_num_entries.obj
/home/hina/edk2-msm/workspace/Build/tiffany/RELEASE_CLANG38/AARCH64/libs/libzip/ZipLib/OUTPUT/libs/libzip/lib/zip_get_num_files.obj
/home/hina/edk2-msm/workspace/Build/tiffany/RELEASE_CLANG38/AARCH64/libs/libzip/ZipLib/OUTPUT/libs/libzip/lib/zip_hash.obj
/home/hina/edk2-msm/workspace/Build/tiffany/RELEASE_CLANG38/AARCH64/libs/libzip/ZipLib/OUTPUT/libs/libzip/lib/zip_io_util.obj
/home/hina/edk2-msm/workspace/Build/tiffany/RELEASE_CLANG38/AARCH64/libs/libzip/ZipLib/OUTPUT/libs/libzip/lib/zip_libzip_version.obj
/home/hina/edk2-msm/workspace/Build/tiffany/RELEASE_CLANG38/AARCH64/libs/libzip/ZipLib/OUTPUT/libs/libzip/lib/zip_memdup.obj
/home/hina/edk2-msm/workspace/Build/tiffany/RELEASE_CLANG38/AARCH64/libs/libzip/ZipLib/OUTPUT/libs/libzip/lib/zip_name_locate.obj
/home/hina/edk2-msm/workspace/Build/tiffany/RELEASE_CLANG38/AARCH64/libs/libzip/ZipLib/OUTPUT/libs/libzip/lib/zip_new.obj
/home/hina/edk2-msm/workspace/Build/tiffany/RELEASE_CLANG38/AARCH64/libs/libzip/ZipLib/OUTPUT/libs/libzip/lib/zip_open.obj
/home/hina/edk2-msm/workspace/Build/tiffany/RELEASE_CLANG38/AARCH64/libs/libzip/ZipLib/OUTPUT/libs/libzip/lib/zip_pkware.obj
/home/hina/edk2-msm/workspace/Build/tiffany/RELEASE_CLANG38/AARCH64/libs/libzip/ZipLib/OUTPUT/libs/libzip/lib/zip_progress.obj
/home/hina/edk2-msm/workspace/Build/tiffany/RELEASE_CLANG38/AARCH64/libs/libzip/ZipLib/OUTPUT/libs/libzip/lib/zip_random_uefi.obj
/home/hina/edk2-msm/workspace/Build/tiffany/RELEASE_CLANG38/AARCH64/libs/libzip/ZipLib/OUTPUT/libs/libzip/lib/zip_rename.obj
/home/hina/edk2-msm/workspace/Build/tiffany/RELEASE_CLANG38/AARCH64/libs/libzip/ZipLib/OUTPUT/libs/libzip/lib/zip_replace.obj
/home/hina/edk2-msm/workspace/Build/tiffany/RELEASE_CLANG38/AARCH64/libs/libzip/ZipLib/OUTPUT/libs/libzip/lib/zip_set_archive_comment.obj
/home/hina/edk2-msm/workspace/Build/tiffany/RELEASE_CLANG38/AARCH64/libs/libzip/ZipLib/OUTPUT/libs/libzip/lib/zip_set_archive_flag.obj
/home/hina/edk2-msm/workspace/Build/tiffany/RELEASE_CLANG38/AARCH64/libs/libzip/ZipLib/OUTPUT/libs/libzip/lib/zip_set_default_password.obj
/home/hina/edk2-msm/workspace/Build/tiffany/RELEASE_CLANG38/AARCH64/libs/libzip/ZipLib/OUTPUT/libs/libzip/lib/zip_set_file_comment.obj
/home/hina/edk2-msm/workspace/Build/tiffany/RELEASE_CLANG38/AARCH64/libs/libzip/ZipLib/OUTPUT/libs/libzip/lib/zip_set_file_compression.obj
/home/hina/edk2-msm/workspace/Build/tiffany/RELEASE_CLANG38/AARCH64/libs/libzip/ZipLib/OUTPUT/libs/libzip/lib/zip_set_name.obj
/home/hina/edk2-msm/workspace/Build/tiffany/RELEASE_CLANG38/AARCH64/libs/libzip/ZipLib/OUTPUT/libs/libzip/lib/zip_source_accept_empty.obj
/home/hina/edk2-msm/workspace/Build/tiffany/RELEASE_CLANG38/AARCH64/libs/libzip/ZipLib/OUTPUT/libs/libzip/lib/zip_source_begin_write.obj
/home/hina/edk2-msm/workspace/Build/tiffany/RELEASE_CLANG38/AARCH64/libs/libzip/ZipLib/OUTPUT/libs/libzip/lib/zip_source_begin_write_cloning.obj
/home/hina/edk2-msm/workspace/Build/tiffany/RELEASE_CLANG38/AARCH64/libs/libzip/ZipLib/OUTPUT/libs/libzip/lib/zip_source_buffer.obj
/home/hina/edk2-msm/workspace/Build/tiffany/RELEASE_CLANG38/AARCH64/libs/libzip/ZipLib/OUTPUT/libs/libzip/lib/zip_source_call.obj
/home/hina/edk2-msm/workspace/Build/tiffany/RELEASE_CLANG38/AARCH64/libs/libzip/ZipLib/OUTPUT/libs/libzip/lib/zip_source_close.obj
/home/hina/edk2-msm/workspace/Build/tiffany/RELEASE_CLANG38/AARCH64/libs/libzip/ZipLib/OUTPUT/libs/libzip/lib/zip_source_commit_write.obj
/home/hina/edk2-msm/workspace/Build/tiffany/RELEASE_CLANG38/AARCH64/libs/libzip/ZipLib/OUTPUT/libs/libzip/lib/zip_source_compress.obj
/home/hina/edk2-msm/workspace/Build/tiffany/RELEASE_CLANG38/AARCH64/libs/libzip/ZipLib/OUTPUT/libs/libzip/lib/zip_source_crc.obj
/home/hina/edk2-msm/workspace/Build/tiffany/RELEASE_CLANG38/AARCH64/libs/libzip/ZipLib/OUTPUT/libs/libzip/lib/zip_source_error.obj
/home/hina/edk2-msm/workspace/Build/tiffany/RELEASE_CLANG38/AARCH64/libs/libzip/ZipLib/OUTPUT/libs/libzip/lib/zip_source_file_common.obj
/home/hina/edk2-msm/workspace/Build/tiffany/RELEASE_CLANG38/AARCH64/libs/libzip/ZipLib/OUTPUT/libs/libzip/lib/zip_source_free.obj
/home/hina/edk2-msm/workspace/Build/tiffany/RELEASE_CLANG38/AARCH64/libs/libzip/ZipLib/OUTPUT/libs/libzip/lib/zip_source_function.obj
/home/hina/edk2-msm/workspace/Build/tiffany/RELEASE_CLANG38/AARCH64/libs/libzip/ZipLib/OUTPUT/libs/libzip/lib/zip_source_get_file_attributes.obj
/home/hina/edk2-msm/workspace/Build/tiffany/RELEASE_CLANG38/AARCH64/libs/libzip/ZipLib/OUTPUT/libs/libzip/lib/zip_source_is_deleted.obj
/home/hina/edk2-msm/workspace/Build/tiffany/RELEASE_CLANG38/AARCH64/libs/libzip/ZipLib/OUTPUT/libs/libzip/lib/zip_source_layered.obj
/home/hina/edk2-msm/workspace/Build/tiffany/RELEASE_CLANG38/AARCH64/libs/libzip/ZipLib/OUTPUT/libs/libzip/lib/zip_source_open.obj
/home/hina/edk2-msm/workspace/Build/tiffany/RELEASE_CLANG38/AARCH64/libs/libzip/ZipLib/OUTPUT/libs/libzip/lib/zip_source_pkware_decode.obj
/home/hina/edk2-msm/workspace/Build/tiffany/RELEASE_CLANG38/AARCH64/libs/libzip/ZipLib/OUTPUT/libs/libzip/lib/zip_source_pkware_encode.obj
/home/hina/edk2-msm/workspace/Build/tiffany/RELEASE_CLANG38/AARCH64/libs/libzip/ZipLib/OUTPUT/libs/libzip/lib/zip_source_read.obj
/home/hina/edk2-msm/workspace/Build/tiffany/RELEASE_CLANG38/AARCH64/libs/libzip/ZipLib/OUTPUT/libs/libzip/lib/zip_source_remove.obj
/home/hina/edk2-msm/workspace/Build/tiffany/RELEASE_CLANG38/AARCH64/libs/libzip/ZipLib/OUTPUT/libs/libzip/lib/zip_source_rollback_write.obj
/home/hina/edk2-msm/workspace/Build/tiffany/RELEASE_CLANG38/AARCH64/libs/libzip/ZipLib/OUTPUT/libs/libzip/lib/zip_source_seek.obj
/home/hina/edk2-msm/workspace/Build/tiffany/RELEASE_CLANG38/AARCH64/libs/libzip/ZipLib/OUTPUT/libs/libzip/lib/zip_source_seek_write.obj
/home/hina/edk2-msm/workspace/Build/tiffany/RELEASE_CLANG38/AARCH64/libs/libzip/ZipLib/OUTPUT/libs/libzip/lib/zip_source_stat.obj
/home/hina/edk2-msm/workspace/Build/tiffany/RELEASE_CLANG38/AARCH64/libs/libzip/ZipLib/OUTPUT/libs/libzip/lib/zip_source_supports.obj
/home/hina/edk2-msm/workspace/Build/tiffany/RELEASE_CLANG38/AARCH64/libs/libzip/ZipLib/OUTPUT/libs/libzip/lib/zip_source_tell.obj
/home/hina/edk2-msm/workspace/Build/tiffany/RELEASE_CLANG38/AARCH64/libs/libzip/ZipLib/OUTPUT/libs/libzip/lib/zip_source_tell_write.obj
/home/hina/edk2-msm/workspace/Build/tiffany/RELEASE_CLANG38/AARCH64/libs/libzip/ZipLib/OUTPUT/libs/libzip/lib/zip_source_window.obj
/home/hina/edk2-msm/workspace/Build/tiffany/RELEASE_CLANG38/AARCH64/libs/libzip/ZipLib/OUTPUT/libs/libzip/lib/zip_source_write.obj
/home/hina/edk2-msm/workspace/Build/tiffany/RELEASE_CLANG38/AARCH64/libs/libzip/ZipLib/OUTPUT/libs/libzip/lib/zip_source_zip.obj
/home/hina/edk2-msm/workspace/Build/tiffany/RELEASE_CLANG38/AARCH64/libs/libzip/ZipLib/OUTPUT/libs/libzip/lib/zip_source_zip_new.obj
/home/hina/edk2-msm/workspace/Build/tiffany/RELEASE_CLANG38/AARCH64/libs/libzip/ZipLib/OUTPUT/libs/libzip/lib/zip_stat.obj
/home/hina/edk2-msm/workspace/Build/tiffany/RELEASE_CLANG38/AARCH64/libs/libzip/ZipLib/OUTPUT/libs/libzip/lib/zip_stat_index.obj
/home/hina/edk2-msm/workspace/Build/tiffany/RELEASE_CLANG38/AARCH64/libs/libzip/ZipLib/OUTPUT/libs/libzip/lib/zip_stat_init.obj
/home/hina/edk2-msm/workspace/Build/tiffany/RELEASE_CLANG38/AARCH64/libs/libzip/ZipLib/OUTPUT/libs/libzip/lib/zip_strerror.obj
/home/hina/edk2-msm/workspace/Build/tiffany/RELEASE_CLANG38/AARCH64/libs/libzip/ZipLib/OUTPUT/libs/libzip/lib/zip_string.obj
/home/hina/edk2-msm/workspace/Build/tiffany/RELEASE_CLANG38/AARCH64/libs/libzip/ZipLib/OUTPUT/libs/libzip/lib/zip_unchange.obj
/home/hina/edk2-msm/workspace/Build/tiffany/RELEASE_CLANG38/AARCH64/libs/libzip/ZipLib/OUTPUT/libs/libzip/lib/zip_unchange_all.obj
/home/hina/edk2-msm/workspace/Build/tiffany/RELEASE_CLANG38/AARCH64/libs/libzip/ZipLib/OUTPUT/libs/libzip/lib/zip_unchange_archive.obj
/home/hina/edk2-msm/workspace/Build/tiffany/RELEASE_CLANG38/AARCH64/libs/libzip/ZipLib/OUTPUT/libs/libzip/lib/zip_unchange_data.obj
/home/hina/edk2-msm/workspace/Build/tiffany/RELEASE_CLANG38/AARCH64/libs/libzip/ZipLib/OUTPUT/libs/libzip/lib/zip_utf-8.obj