-I/home/hina/edk2-msm/GPLDrivers/Library/SimpleInit/libs/compatible/aarch64
-I/home/hina/edk2-msm/GPLDrivers/Library/SimpleInit/libs/compatible
-I/home/hina/edk2-msm/workspace/Build/tiffany/RELEASE_CLANG38/AARCH64/libs/compatible/SimpleInitCompatible/DEBUG
-I/home/hina/edk2-msm/Common/edk2/MdePkg
-I/home/hina/edk2-msm/Common/edk2/MdePkg/Include
-I/home/hina/edk2-msm/Common/edk2/MdePkg/Test/UnitTest/Include
-I/home/hina/edk2-msm/Common/edk2/MdePkg/Include/AArch64
-I/home/hina/edk2-msm/GPLDrivers/Library/SimpleInit
-I/home/hina/edk2-msm/GPLDrivers/Library/SimpleInit/include
-I/home/hina/edk2-msm/GPLDrivers/Library/SimpleInit/libs/lua
-I/home/hina/edk2-msm/GPLDrivers/Library/SimpleInit/libs/stb
-I/home/hina/edk2-msm/GPLDrivers/Library/SimpleInit/libs/mxml
-I/home/hina/edk2-msm/GPLDrivers/Library/SimpleInit/libs/json-c
-I/home/hina/edk2-msm/GPLDrivers/Library/SimpleInit/libs/json-c/json-c-uefi
-I/home/hina/edk2-msm/GPLDrivers/Library/SimpleInit/libs/freetype/include
-I/home/hina/edk2-msm/GPLDrivers/Library/SimpleInit/libs/zlib
-I/home/hina/edk2-msm/GPLDrivers/Library/SimpleInit/libs/lvgl
-I/home/hina/edk2-msm/GPLDrivers/Library/SimpleInit/libs/regex
-I/home/hina/edk2-msm/GPLDrivers/Library/SimpleInit/libs/lodepng
-I/home/hina/edk2-msm/GPLDrivers/Library/SimpleInit/libs/libzip/lib
-I/home/hina/edk2-msm/GPLDrivers/Library/SimpleInit/libs/libufdt/include
-I/home/hina/edk2-msm/GPLDrivers/Library/SimpleInit/libs/libufdt/sysdeps/include
-I/home/hina/edk2-msm/GPLDrivers/Library/SimpleInit/libs/nanosvg/src
-I/home/hina/edk2-msm/GPLDrivers/Library/SimpleInit/libs/hivex/include
-I/home/hina/edk2-msm/GPLDrivers/Library/SimpleInit/libs/libtsm/src/tsm
-I/home/hina/edk2-msm/GPLDrivers/Library/SimpleInit/libs/libtsm/src/shared
-I/home/hina/edk2-msm/GPLDrivers/Library/SimpleInit/libs/libtsm/external
-I/home/hina/edk2-msm/GPLDrivers/Library/SimpleInit/libs/compatible/include
-I/home/hina/edk2-msm/GPLDrivers/Library/SimpleInit/libs/compatible/include/arch/generic
-I/home/hina/edk2-msm/GPLDrivers/Library/SimpleInit/libs/compatible/include/arch/aarch64