/home/hina/edk2-msm/workspace/Build/tiffany/RELEASE_CLANG38/AARCH64/libs/compatible/SimpleInitCompatible/OUTPUT/errno.obj
/home/hina/edk2-msm/workspace/Build/tiffany/RELEASE_CLANG38/AARCH64/libs/compatible/SimpleInitCompatible/OUTPUT/str.obj
/home/hina/edk2-msm/workspace/Build/tiffany/RELEASE_CLANG38/AARCH64/libs/compatible/SimpleInitCompatible/OUTPUT/mem.obj
/home/hina/edk2-msm/workspace/Build/tiffany/RELEASE_CLANG38/AARCH64/libs/compatible/SimpleInitCompatible/OUTPUT/__rem_pio2.obj
/home/hina/edk2-msm/workspace/Build/tiffany/RELEASE_CLANG38/AARCH64/libs/compatible/SimpleInitCompatible/OUTPUT/__rem_pio2f.obj
/home/hina/edk2-msm/workspace/Build/tiffany/RELEASE_CLANG38/AARCH64/libs/compatible/SimpleInitCompatible/OUTPUT/__rem_pio2_large.obj
/home/hina/edk2-msm/workspace/Build/tiffany/RELEASE_CLANG38/AARCH64/libs/compatible/SimpleInitCompatible/OUTPUT/cos.obj
/home/hina/edk2-msm/workspace/Build/tiffany/RELEASE_CLANG38/AARCH64/libs/compatible/SimpleInitCompatible/OUTPUT/tan.obj
/home/hina/edk2-msm/workspace/Build/tiffany/RELEASE_CLANG38/AARCH64/libs/compatible/SimpleInitCompatible/OUTPUT/sin.obj
/home/hina/edk2-msm/workspace/Build/tiffany/RELEASE_CLANG38/AARCH64/libs/compatible/SimpleInitCompatible/OUTPUT/ceil.obj
/home/hina/edk2-msm/workspace/Build/tiffany/RELEASE_CLANG38/AARCH64/libs/compatible/SimpleInitCompatible/OUTPUT/fabs.obj
/home/hina/edk2-msm/workspace/Build/tiffany/RELEASE_CLANG38/AARCH64/libs/compatible/SimpleInitCompatible/OUTPUT/floor.obj
/home/hina/edk2-msm/workspace/Build/tiffany/RELEASE_CLANG38/AARCH64/libs/compatible/SimpleInitCompatible/OUTPUT/sqrt.obj
/home/hina/edk2-msm/workspace/Build/tiffany/RELEASE_CLANG38/AARCH64/libs/compatible/SimpleInitCompatible/OUTPUT/scalbn.obj
/home/hina/edk2-msm/workspace/Build/tiffany/RELEASE_CLANG38/AARCH64/libs/compatible/SimpleInitCompatible/OUTPUT/pow.obj
/home/hina/edk2-msm/workspace/Build/tiffany/RELEASE_CLANG38/AARCH64/libs/compatible/SimpleInitCompatible/OUTPUT/pow_data.obj
/home/hina/edk2-msm/workspace/Build/tiffany/RELEASE_CLANG38/AARCH64/libs/compatible/SimpleInitCompatible/OUTPUT/exp_data.obj
/home/hina/edk2-msm/workspace/Build/tiffany/RELEASE_CLANG38/AARCH64/libs/compatible/SimpleInitCompatible/OUTPUT/log_data.obj
/home/hina/edk2-msm/workspace/Build/tiffany/RELEASE_CLANG38/AARCH64/libs/compatible/SimpleInitCompatible/OUTPUT/log2_data.obj
/home/hina/edk2-msm/workspace/Build/tiffany/RELEASE_CLANG38/AARCH64/libs/compatible/SimpleInitCompatible/OUTPUT/malloc.obj
/home/hina/edk2-msm/workspace/Build/tiffany/RELEASE_CLANG38/AARCH64/libs/compatible/SimpleInitCompatible/OUTPUT/exit.obj
/home/hina/edk2-msm/workspace/Build/tiffany/RELEASE_CLANG38/AARCH64/libs/compatible/SimpleInitCompatible/OUTPUT/number.obj
/home/hina/edk2-msm/workspace/Build/tiffany/RELEASE_CLANG38/AARCH64/libs/compatible/SimpleInitCompatible/OUTPUT/stub.obj
/home/hina/edk2-msm/workspace/Build/tiffany/RELEASE_CLANG38/AARCH64/libs/compatible/SimpleInitCompatible/OUTPUT/qsort.obj
/home/hina/edk2-msm/workspace/Build/tiffany/RELEASE_CLANG38/AARCH64/libs/compatible/SimpleInitCompatible/OUTPUT/ctype.obj
/home/hina/edk2-msm/workspace/Build/tiffany/RELEASE_CLANG38/AARCH64/libs/compatible/SimpleInitCompatible/OUTPUT/fvwrite.obj
/home/hina/edk2-msm/workspace/Build/tiffany/RELEASE_CLANG38/AARCH64/libs/compatible/SimpleInitCompatible/OUTPUT/vfprintf.obj
/home/hina/edk2-msm/workspace/Build/tiffany/RELEASE_CLANG38/AARCH64/libs/compatible/SimpleInitCompatible/OUTPUT/vasprintf.obj
/home/hina/edk2-msm/workspace/Build/tiffany/RELEASE_CLANG38/AARCH64/libs/compatible/SimpleInitCompatible/OUTPUT/vsnprintf.obj
/home/hina/edk2-msm/workspace/Build/tiffany/RELEASE_CLANG38/AARCH64/libs/compatible/SimpleInitCompatible/OUTPUT/snprintf.obj
/home/hina/edk2-msm/workspace/Build/tiffany/RELEASE_CLANG38/AARCH64/libs/compatible/SimpleInitCompatible/OUTPUT/sprintf.obj
/home/hina/edk2-msm/workspace/Build/tiffany/RELEASE_CLANG38/AARCH64/libs/compatible/SimpleInitCompatible/OUTPUT/fflush.obj
/home/hina/edk2-msm/workspace/Build/tiffany/RELEASE_CLANG38/AARCH64/libs/compatible/SimpleInitCompatible/OUTPUT/gdtoa.obj
/home/hina/edk2-msm/workspace/Build/tiffany/RELEASE_CLANG38/AARCH64/libs/compatible/SimpleInitCompatible/OUTPUT/dtoa.obj
/home/hina/edk2-msm/workspace/Build/tiffany/RELEASE_CLANG38/AARCH64/libs/compatible/SimpleInitCompatible/OUTPUT/misc.obj
/home/hina/edk2-msm/workspace/Build/tiffany/RELEASE_CLANG38/AARCH64/libs/compatible/SimpleInitCompatible/OUTPUT/dmisc.obj
/home/hina/edk2-msm/workspace/Build/tiffany/RELEASE_CLANG38/AARCH64/libs/compatible/SimpleInitCompatible/OUTPUT/gmisc.obj
/home/hina/edk2-msm/workspace/Build/tiffany/RELEASE_CLANG38/AARCH64/libs/compatible/SimpleInitCompatible/OUTPUT/strerror.obj
/home/hina/edk2-msm/workspace/Build/tiffany/RELEASE_CLANG38/AARCH64/libs/compatible/SimpleInitCompatible/OUTPUT/wsetup.obj
/home/hina/edk2-msm/workspace/Build/tiffany/RELEASE_CLANG38/AARCH64/libs/compatible/SimpleInitCompatible/OUTPUT/vfscanf.obj
/home/hina/edk2-msm/workspace/Build/tiffany/RELEASE_CLANG38/AARCH64/libs/compatible/SimpleInitCompatible/OUTPUT/sscanf.obj
/home/hina/edk2-msm/workspace/Build/tiffany/RELEASE_CLANG38/AARCH64/libs/compatible/SimpleInitCompatible/OUTPUT/strtoimax.obj
/home/hina/edk2-msm/workspace/Build/tiffany/RELEASE_CLANG38/AARCH64/libs/compatible/SimpleInitCompatible/OUTPUT/strtoumax.obj
/home/hina/edk2-msm/workspace/Build/tiffany/RELEASE_CLANG38/AARCH64/libs/compatible/SimpleInitCompatible/OUTPUT/strtof.obj
/home/hina/edk2-msm/workspace/Build/tiffany/RELEASE_CLANG38/AARCH64/libs/compatible/SimpleInitCompatible/OUTPUT/strtod.obj
/home/hina/edk2-msm/workspace/Build/tiffany/RELEASE_CLANG38/AARCH64/libs/compatible/SimpleInitCompatible/OUTPUT/strtopx.obj
/home/hina/edk2-msm/workspace/Build/tiffany/RELEASE_CLANG38/AARCH64/libs/compatible/SimpleInitCompatible/OUTPUT/strtodg.obj
/home/hina/edk2-msm/workspace/Build/tiffany/RELEASE_CLANG38/AARCH64/libs/compatible/SimpleInitCompatible/OUTPUT/strtold_subr.obj
/home/hina/edk2-msm/workspace/Build/tiffany/RELEASE_CLANG38/AARCH64/libs/compatible/SimpleInitCompatible/OUTPUT/refill.obj
/home/hina/edk2-msm/workspace/Build/tiffany/RELEASE_CLANG38/AARCH64/libs/compatible/SimpleInitCompatible/OUTPUT/findfp.obj
/home/hina/edk2-msm/workspace/Build/tiffany/RELEASE_CLANG38/AARCH64/libs/compatible/SimpleInitCompatible/OUTPUT/ulp.obj
/home/hina/edk2-msm/workspace/Build/tiffany/RELEASE_CLANG38/AARCH64/libs/compatible/SimpleInitCompatible/OUTPUT/smisc.obj
/home/hina/edk2-msm/workspace/Build/tiffany/RELEASE_CLANG38/AARCH64/libs/compatible/SimpleInitCompatible/OUTPUT/ungetc.obj
/home/hina/edk2-msm/workspace/Build/tiffany/RELEASE_CLANG38/AARCH64/libs/compatible/SimpleInitCompatible/OUTPUT/makebuf.obj
/home/hina/edk2-msm/workspace/Build/tiffany/RELEASE_CLANG38/AARCH64/libs/compatible/SimpleInitCompatible/OUTPUT/fread.obj
/home/hina/edk2-msm/workspace/Build/tiffany/RELEASE_CLANG38/AARCH64/libs/compatible/SimpleInitCompatible/OUTPUT/time.obj
/home/hina/edk2-msm/workspace/Build/tiffany/RELEASE_CLANG38/AARCH64/libs/compatible/SimpleInitCompatible/OUTPUT/strftime.obj
/home/hina/edk2-msm/workspace/Build/tiffany/RELEASE_CLANG38/AARCH64/libs/compatible/SimpleInitCompatible/OUTPUT/zone.obj
/home/hina/edk2-msm/workspace/Build/tiffany/RELEASE_CLANG38/AARCH64/libs/compatible/SimpleInitCompatible/OUTPUT/sum.obj
/home/hina/edk2-msm/workspace/Build/tiffany/RELEASE_CLANG38/AARCH64/libs/compatible/SimpleInitCompatible/OUTPUT/localeconv.obj
/home/hina/edk2-msm/workspace/Build/tiffany/RELEASE_CLANG38/AARCH64/libs/compatible/SimpleInitCompatible/OUTPUT/rand.obj
/home/hina/edk2-msm/workspace/Build/tiffany/RELEASE_CLANG38/AARCH64/libs/compatible/SimpleInitCompatible/OUTPUT/strcspn.obj
/home/hina/edk2-msm/workspace/Build/tiffany/RELEASE_CLANG38/AARCH64/libs/compatible/SimpleInitCompatible/OUTPUT/atan.obj
/home/hina/edk2-msm/workspace/Build/tiffany/RELEASE_CLANG38/AARCH64/libs/compatible/SimpleInitCompatible/OUTPUT/asin.obj
/home/hina/edk2-msm/workspace/Build/tiffany/RELEASE_CLANG38/AARCH64/libs/compatible/SimpleInitCompatible/OUTPUT/acos.obj
/home/hina/edk2-msm/workspace/Build/tiffany/RELEASE_CLANG38/AARCH64/libs/compatible/SimpleInitCompatible/OUTPUT/fmod.obj
/home/hina/edk2-msm/workspace/Build/tiffany/RELEASE_CLANG38/AARCH64/libs/compatible/SimpleInitCompatible/OUTPUT/modf.obj
/home/hina/edk2-msm/workspace/Build/tiffany/RELEASE_CLANG38/AARCH64/libs/compatible/SimpleInitCompatible/OUTPUT/exp.obj
/home/hina/edk2-msm/workspace/Build/tiffany/RELEASE_CLANG38/AARCH64/libs/compatible/SimpleInitCompatible/OUTPUT/expm1.obj
/home/hina/edk2-msm/workspace/Build/tiffany/RELEASE_CLANG38/AARCH64/libs/compatible/SimpleInitCompatible/OUTPUT/log.obj
/home/hina/edk2-msm/workspace/Build/tiffany/RELEASE_CLANG38/AARCH64/libs/compatible/SimpleInitCompatible/OUTPUT/log2.obj
/home/hina/edk2-msm/workspace/Build/tiffany/RELEASE_CLANG38/AARCH64/libs/compatible/SimpleInitCompatible/OUTPUT/log10.obj
/home/hina/edk2-msm/workspace/Build/tiffany/RELEASE_CLANG38/AARCH64/libs/compatible/SimpleInitCompatible/OUTPUT/frexp.obj
/home/hina/edk2-msm/workspace/Build/tiffany/RELEASE_CLANG38/AARCH64/libs/compatible/SimpleInitCompatible/OUTPUT/ldexp.obj
/home/hina/edk2-msm/workspace/Build/tiffany/RELEASE_CLANG38/AARCH64/libs/compatible/SimpleInitCompatible/OUTPUT/abs.obj
/home/hina/edk2-msm/workspace/Build/tiffany/RELEASE_CLANG38/AARCH64/libs/compatible/SimpleInitCompatible/OUTPUT/__expo2.obj
/home/hina/edk2-msm/workspace/Build/tiffany/RELEASE_CLANG38/AARCH64/libs/compatible/SimpleInitCompatible/OUTPUT/iconv.obj
/home/hina/edk2-msm/workspace/Build/tiffany/RELEASE_CLANG38/AARCH64/libs/compatible/SimpleInitCompatible/OUTPUT/wctomb.obj
/home/hina/edk2-msm/workspace/Build/tiffany/RELEASE_CLANG38/AARCH64/libs/compatible/SimpleInitCompatible/OUTPUT/wcrtomb.obj
/home/hina/edk2-msm/workspace/Build/tiffany/RELEASE_CLANG38/AARCH64/libs/compatible/SimpleInitCompatible/OUTPUT/mbtowc.obj
/home/hina/edk2-msm/workspace/Build/tiffany/RELEASE_CLANG38/AARCH64/libs/compatible/SimpleInitCompatible/OUTPUT/mbrtowc.obj
/home/hina/edk2-msm/workspace/Build/tiffany/RELEASE_CLANG38/AARCH64/libs/compatible/SimpleInitCompatible/OUTPUT/mb.obj
/home/hina/edk2-msm/workspace/Build/tiffany/RELEASE_CLANG38/AARCH64/libs/compatible/SimpleInitCompatible/OUTPUT/aarch64/lse.obj